// Jest Snapshot v1, https://goo.gl/fbAQLP

exports[`renders ./components/radio/demo/basic.tsx correctly 1`] = `
<View>
  <View
    style={
      Object {
        "padding": 10,
      }
    }
  >
    <TouchableWithoutFeedback
      onPress={[Function]}
    >
      <View
        style={
          Array [
            Object {
              "alignItems": "center",
              "flexDirection": "row",
            },
          ]
        }
      >
        <Text
          style={
            Array [
              Object {
                "color": "#108ee9",
                "fontFamily": "antoutline",
                "fontSize": 22,
                "fontStyle": "normal",
                "fontWeight": "normal",
              },
              Array [
                Object {},
                Object {
                  "borderColor": "#999",
                  "borderWidth": 1,
                  "margin": 10,
                },
              ],
            ]
          }
        >
          
        </Text>
        <Text>
          Support
        </Text>
      </View>
    </TouchableWithoutFeedback>
    <View
      style={
        Array [
          Object {
            "height": 9,
          },
          undefined,
        ]
      }
    />
    <TouchableWithoutFeedback
      onPress={[Function]}
    >
      <View
        style={
          Array [
            Object {
              "alignItems": "center",
              "flexDirection": "row",
            },
          ]
        }
      />
    </TouchableWithoutFeedback>
    <View
      style={
        Array [
          Object {
            "height": 9,
          },
          undefined,
        ]
      }
    />
  </View>
  <View
    style={
      Object {
        "marginTop": 12,
      }
    }
  >
    <View
      style={
        Object {
          "backgroundColor": "#ffffff",
          "borderTopColor": "#dddddd",
          "borderTopWidth": 0.5,
        }
      }
    >
      <Text
        style={
          Object {
            "marginTop": 12,
          }
        }
      >
        Form radio, radio in general list.
      </Text>
      <
        activeOpacity={0.5}
        delayLongPress={500}
        onLongPress={[Function]}
        onPress={[Function]}
        underlayColor="#dddddd"
      >
        <View
          style={
            Array [
              Object {
                "alignItems": "center",
                "backgroundColor": "#ffffff",
                "flexDirection": "row",
                "flexGrow": 1,
                "paddingLeft": 15,
              },
              undefined,
            ]
          }
        >
          <View
            style={
              Array [
                Object {
                  "alignItems": "center",
                  "borderBottomColor": "#dddddd",
                  "borderBottomWidth": 0.5,
                  "flex": 1,
                  "flexDirection": "row",
                  "minHeight": 44,
                  "paddingRight": 15,
                  "paddingVertical": 6,
                },
                false,
                false,
              ]
            }
          >
            <View
              style={
                Array [
                  Object {
                    "flex": 1,
                    "flexDirection": "column",
                  },
                ]
              }
            >
              <Text
                numberOfLines={1}
                style={
                  Array [
                    Object {
                      "color": "#000000",
                      "fontSize": 17,
                    },
                    Object {},
                  ]
                }
              >
                Use Ant Design Component
              </Text>
            </View>
            <TouchableWithoutFeedback
              onPress={[Function]}
            >
              <View
                style={
                  Array [
                    Object {
                      "alignItems": "center",
                      "flexDirection": "row",
                    },
                  ]
                }
              >
                <Text
                  style={
                    Array [
                      Object {
                        "color": "#108ee9",
                        "fontFamily": "antoutline",
                        "fontSize": 22,
                        "fontStyle": "normal",
                        "fontWeight": "normal",
                      },
                      Array [
                        Object {},
                        undefined,
                      ],
                    ]
                  }
                >
                  
                </Text>
              </View>
            </TouchableWithoutFeedback>
          </View>
        </View>
      </>
      <
        activeOpacity={0.5}
        delayLongPress={500}
        onLongPress={[Function]}
        onPress={[Function]}
        underlayColor="#dddddd"
      >
        <View
          style={
            Array [
              Object {
                "alignItems": "center",
                "backgroundColor": "#ffffff",
                "flexDirection": "row",
                "flexGrow": 1,
                "paddingLeft": 15,
              },
              undefined,
            ]
          }
        >
          <View
            style={
              Array [
                Object {
                  "alignItems": "center",
                  "borderBottomColor": "#dddddd",
                  "borderBottomWidth": 0.5,
                  "flex": 1,
                  "flexDirection": "row",
                  "minHeight": 44,
                  "paddingRight": 15,
                  "paddingVertical": 6,
                },
                false,
                false,
              ]
            }
          >
            <View
              style={
                Array [
                  Object {
                    "flex": 1,
                    "flexDirection": "column",
                  },
                ]
              }
            >
              <Text
                numberOfLines={1}
                style={
                  Array [
                    Object {
                      "color": "#000000",
                      "fontSize": 17,
                    },
                    Object {},
                  ]
                }
              >
                Use Ant Design Component
              </Text>
            </View>
            <TouchableWithoutFeedback
              onPress={[Function]}
            >
              <View
                style={
                  Array [
                    Object {
                      "alignItems": "center",
                      "flexDirection": "row",
                    },
                  ]
                }
              />
            </TouchableWithoutFeedback>
          </View>
        </View>
      </>
      <
        activeOpacity={1}
        delayLongPress={500}
        onLongPress={[Function]}
      >
        <View
          style={
            Array [
              Object {
                "alignItems": "center",
                "backgroundColor": "#ffffff",
                "flexDirection": "row",
                "flexGrow": 1,
                "paddingLeft": 15,
              },
              undefined,
            ]
          }
        >
          <View
            style={
              Array [
                Object {
                  "alignItems": "center",
                  "borderBottomColor": "#dddddd",
                  "borderBottomWidth": 0.5,
                  "flex": 1,
                  "flexDirection": "row",
                  "minHeight": 44,
                  "paddingRight": 15,
                  "paddingVertical": 6,
                },
                false,
                false,
              ]
            }
          >
            <View
              style={
                Array [
                  Object {
                    "flex": 1,
                    "flexDirection": "column",
                  },
                ]
              }
            >
              <Text
                numberOfLines={1}
                style={
                  Array [
                    Object {
                      "color": "#000000",
                      "fontSize": 17,
                    },
                    Object {
                      "color": "#bbbbbb",
                    },
                  ]
                }
              >
                Set disabled
              </Text>
            </View>
            <TouchableWithoutFeedback
              onPress={[Function]}
            >
              <View
                style={
                  Array [
                    Object {
                      "alignItems": "center",
                      "flexDirection": "row",
                    },
                  ]
                }
              />
            </TouchableWithoutFeedback>
          </View>
        </View>
      </>
      <
        activeOpacity={1}
        delayLongPress={500}
        onLongPress={[Function]}
      >
        <View
          style={
            Array [
              Object {
                "alignItems": "center",
                "backgroundColor": "#ffffff",
                "flexDirection": "row",
                "flexGrow": 1,
                "paddingLeft": 15,
              },
              undefined,
            ]
          }
        >
          <View
            style={
              Array [
                Object {
                  "alignItems": "center",
                  "borderBottomColor": "#dddddd",
                  "borderBottomWidth": 0.5,
                  "flex": 1,
                  "flexDirection": "row",
                  "minHeight": 44,
                  "paddingRight": 15,
                  "paddingVertical": 6,
                },
                false,
                false,
              ]
            }
          >
            <View
              style={
                Array [
                  Object {
                    "flex": 1,
                    "flexDirection": "column",
                  },
                ]
              }
            >
              <Text
                numberOfLines={1}
                style={
                  Array [
                    Object {
                      "color": "#000000",
                      "fontSize": 17,
                    },
                    Object {
                      "color": "#bbbbbb",
                    },
                  ]
                }
              >
                Set disabled
              </Text>
            </View>
            <TouchableWithoutFeedback
              onPress={[Function]}
            >
              <View
                style={
                  Array [
                    Object {
                      "alignItems": "center",
                      "flexDirection": "row",
                    },
                  ]
                }
              >
                <Text
                  style={
                    Array [
                      Object {
                        "color": "#cccccc",
                        "fontFamily": "antoutline",
                        "fontSize": 22,
                        "fontStyle": "normal",
                        "fontWeight": "normal",
                      },
                      Array [
                        Object {},
                        undefined,
                      ],
                    ]
                  }
                >
                  
                </Text>
              </View>
            </TouchableWithoutFeedback>
          </View>
        </View>
      </>
      <View
        style={
          Array [
            Object {
              "backgroundColor": "#ffffff",
              "borderBottomColor": "#dddddd",
              "borderBottomWidth": 0.5,
              "bottom": 0,
              "height": 1,
              "left": 0,
              "position": "absolute",
              "right": 0,
            },
          ]
        }
      />
    </View>
  </View>
</View>
`;
