// Jest Snapshot v1, https://goo.gl/fbAQLP

exports[`renders ./components/action-sheet/demo/basic.tsx correctly 1`] = `
<View
  style={
    Object {
      "marginTop": 30,
    }
  }
>
  <View
    style={
      Array [
        Object {
          "padding": 8,
        },
      ]
    }
  >
    <
      activeOpacity={0.4}
      disabled={false}
      onHideUnderlay={[Function]}
      onPress={[Function]}
      onPressIn={[Function]}
      onPressOut={[Function]}
      onShowUnderlay={[Function]}
      pressIn={false}
      style={
        Array [
          Object {
            "alignItems": "center",
            "borderRadius": 5,
            "borderWidth": 1,
            "justifyContent": "center",
          },
          Object {
            "height": 47,
            "paddingLeft": 15,
            "paddingRight": 15,
          },
          Object {
            "backgroundColor": "#ffffff",
            "borderColor": "#dddddd",
          },
          false,
          false,
          undefined,
          undefined,
        ]
      }
      underlayColor="#dddddd"
    >
      <View
        style={
          Object {
            "flexDirection": "row",
          }
        }
      >
        <Text
          style={
            Array [
              Object {
                "fontSize": 18,
              },
              Object {
                "color": "#000000",
              },
              false,
              false,
            ]
          }
        >
          showActionSheet
        </Text>
      </View>
    </>
  </View>
  <Text
    style={
      Array [
        Object {
          "padding": 8,
        },
      ]
    }
  >
    clicked button: 
    none
  </Text>
  <View
    style={
      Array [
        Object {
          "padding": 8,
        },
      ]
    }
  >
    <
      activeOpacity={0.4}
      disabled={false}
      onHideUnderlay={[Function]}
      onPress={[Function]}
      onPressIn={[Function]}
      onPressOut={[Function]}
      onShowUnderlay={[Function]}
      pressIn={false}
      style={
        Array [
          Object {
            "alignItems": "center",
            "borderRadius": 5,
            "borderWidth": 1,
            "justifyContent": "center",
          },
          Object {
            "height": 47,
            "paddingLeft": 15,
            "paddingRight": 15,
          },
          Object {
            "backgroundColor": "#ffffff",
            "borderColor": "#dddddd",
          },
          false,
          false,
          undefined,
          undefined,
        ]
      }
      underlayColor="#dddddd"
    >
      <View
        style={
          Object {
            "flexDirection": "row",
          }
        }
      >
        <Text
          style={
            Array [
              Object {
                "fontSize": 18,
              },
              Object {
                "color": "#000000",
              },
              false,
              false,
            ]
          }
        >
          showShareActionSheet
        </Text>
      </View>
    </>
  </View>
  <Text
    style={
      Array [
        Object {
          "padding": 8,
        },
      ]
    }
  >
    
  </Text>
</View>
`;
