// Jest Snapshot v1, https://goo.gl/fbAQLP

exports[`renders ./components/badge/demo/basic.tsx correctly 1`] = `
<RCTScrollView
  automaticallyAdjustContentInsets={false}
  showsHorizontalScrollIndicator={false}
  showsVerticalScrollIndicator={false}
  style={
    Object {
      "flex": 1,
    }
  }
>
  <View>
    <View
      style={
        Object {
          "padding": 20,
        }
      }
    >
      <View
        style={
          Array [
            Object {
              "flexDirection": "row",
            },
            undefined,
          ]
        }
      >
        <View
          style={
            Array [
              undefined,
            ]
          }
        >
          <View
            style={
              Object {
                "backgroundColor": "rgba(255, 140, 101, 0.15)",
                "height": 52,
                "width": 52,
              }
            }
          />
          <View
            style={
              Array [
                Object {
                  "backgroundColor": "#ff5b05",
                  "borderRadius": 12,
                  "borderStyle": "solid",
                  "paddingHorizontal": 6,
                  "paddingVertical": 2,
                  "position": "absolute",
                  "right": -15,
                  "top": -10,
                },
                undefined,
              ]
            }
          >
            <Text
              style={
                Array [
                  Object {
                    "color": "#ffffff",
                    "textAlign": "center",
                  },
                ]
              }
            >
              9
            </Text>
          </View>
        </View>
      </View>
      <View
        style={
          Array [
            Object {
              "height": 15,
            },
            undefined,
          ]
        }
      />
      <View
        style={
          Array [
            Object {
              "flexDirection": "row",
            },
            undefined,
          ]
        }
      >
        <View
          style={
            Array [
              undefined,
            ]
          }
        >
          <View
            style={
              Object {
                "backgroundColor": "rgba(255, 140, 101, 0.15)",
                "height": 52,
                "width": 52,
              }
            }
          />
          <View
            style={
              Array [
                Object {
                  "backgroundColor": "#ff5b05",
                  "borderRadius": 12,
                  "borderStyle": "solid",
                  "paddingHorizontal": 6,
                  "paddingVertical": 2,
                  "position": "absolute",
                  "right": -15,
                  "top": -10,
                },
                undefined,
              ]
            }
          >
            <Text
              style={
                Array [
                  Object {
                    "color": "#ffffff",
                    "textAlign": "center",
                  },
                ]
              }
            >
              100+
            </Text>
          </View>
        </View>
      </View>
      <View
        style={
          Array [
            Object {
              "height": 15,
            },
            undefined,
          ]
        }
      />
      <View
        style={
          Array [
            Object {
              "flexDirection": "row",
            },
            undefined,
          ]
        }
      >
        <View
          style={
            Array [
              undefined,
            ]
          }
        >
          <View
            style={
              Object {
                "backgroundColor": "rgba(255, 140, 101, 0.15)",
                "height": 52,
                "width": 52,
              }
            }
          />
          <View
            style={
              Array [
                Object {
                  "backgroundColor": "#ff5b05",
                  "borderRadius": 12,
                  "borderStyle": "solid",
                  "paddingHorizontal": 6,
                  "paddingVertical": 2,
                  "position": "absolute",
                  "right": -15,
                  "top": -10,
                },
                undefined,
              ]
            }
          >
            <Text
              style={
                Array [
                  Object {
                    "color": "#ffffff",
                    "textAlign": "center",
                  },
                ]
              }
            >
              99+
            </Text>
          </View>
        </View>
      </View>
      <View
        style={
          Array [
            Object {
              "height": 15,
            },
            undefined,
          ]
        }
      />
      <View
        style={
          Array [
            Object {
              "flexDirection": "row",
            },
            undefined,
          ]
        }
      >
        <View
          style={
            Array [
              undefined,
            ]
          }
        >
          <View
            style={
              Object {
                "backgroundColor": "rgba(255, 140, 101, 0.15)",
                "height": 52,
                "width": 52,
              }
            }
          />
          <View
            style={
              Array [
                Object {
                  "backgroundColor": "#ff5b05",
                  "borderRadius": 12,
                  "borderStyle": "solid",
                  "paddingHorizontal": 6,
                  "paddingVertical": 2,
                  "position": "absolute",
                  "right": -15,
                  "top": -10,
                },
                undefined,
              ]
            }
          >
            <Text
              style={
                Array [
                  Object {
                    "color": "#ffffff",
                    "textAlign": "center",
                  },
                ]
              }
            >
              new
            </Text>
          </View>
        </View>
      </View>
      <View
        style={
          Array [
            Object {
              "height": 15,
            },
            undefined,
          ]
        }
      />
      <View
        style={
          Array [
            Object {
              "flexDirection": "row",
            },
            undefined,
          ]
        }
      >
        <View
          style={
            Array [
              undefined,
            ]
          }
        >
          <View
            style={
              Object {
                "backgroundColor": "rgba(255, 140, 101, 0.15)",
                "height": 52,
                "width": 52,
              }
            }
          />
          <View
            style={
              Array [
                Object {
                  "backgroundColor": "#ff5b05",
                  "borderRadius": 4,
                  "height": 8,
                  "position": "absolute",
                  "right": -4,
                  "top": -4,
                  "width": 8,
                },
                undefined,
              ]
            }
          />
        </View>
      </View>
      <View
        style={
          Array [
            Object {
              "height": 15,
            },
            undefined,
          ]
        }
      />
      <View
        style={
          Array [
            Object {
              "flexDirection": "row",
            },
            undefined,
          ]
        }
      >
        <View
          style={
            Array [
              Object {
                "overflow": "hidden",
              },
            ]
          }
        >
          <View
            style={
              Object {
                "backgroundColor": "rgba(255, 140, 101, 0.15)",
                "height": 52,
                "width": 52,
              }
            }
          />
          <View
            style={
              Array [
                Object {
                  "backgroundColor": "#ff5b05",
                  "position": "absolute",
                  "top": 8,
                  "transform": Array [
                    Object {
                      "rotate": "45deg",
                    },
                  ],
                  "width": 72,
                },
                undefined,
              ]
            }
          >
            <Text
              style={
                Array [
                  Object {
                    "color": "#ffffff",
                    "textAlign": "center",
                  },
                ]
              }
            >
              33
            </Text>
          </View>
        </View>
      </View>
    </View>
  </View>
</RCTScrollView>
`;
