// Jest Snapshot v1, https://goo.gl/fbAQLP

exports[`renders ./components/pagination/demo/basic.tsx correctly 1`] = `
<View
  style={
    Array [
      Object {
        "marginLeft": 15,
        "marginRight": 15,
      },
      undefined,
    ]
  }
>
  <View
    style={
      Array [
        Object {
          "height": 15,
        },
        undefined,
      ]
    }
  />
  <View
    style={
      Array [
        Object {
          "alignItems": "center",
          "justifyContent": "center",
        },
        undefined,
      ]
    }
  >
    <View
      style={
        Array [
          Object {
            "alignItems": "center",
            "flexDirection": "row",
            "flexWrap": "nowrap",
            "justifyContent": "flex-start",
          },
          undefined,
        ]
      }
    >
      <View
        style={
          Array [
            Object {
              "flex": 1,
            },
            undefined,
          ]
        }
      >
        <View
          accessible={true}
          isTVSelectable={true}
          onResponderGrant={[Function]}
          onResponderMove={[Function]}
          onResponderRelease={[Function]}
          onResponderTerminate={[Function]}
          onResponderTerminationRequest={[Function]}
          onStartShouldSetResponder={[Function]}
          style={
            Array [
              Object {
                "alignItems": "center",
                "borderRadius": 5,
                "borderWidth": 1,
                "justifyContent": "center",
              },
              Object {
                "height": 47,
                "paddingLeft": 15,
                "paddingRight": 15,
              },
              Object {
                "backgroundColor": "#ffffff",
                "borderColor": "#dddddd",
              },
              Object {
                "backgroundColor": "#dddddd",
                "borderColor": "#dddddd",
              },
              false,
              undefined,
              undefined,
            ]
          }
        >
          <View
            style={
              Object {
                "flexDirection": "row",
              }
            }
          >
            <Text
              style={
                Array [
                  Object {
                    "fontSize": 18,
                  },
                  Object {
                    "color": "#000000",
                  },
                  Object {
                    "color": "#0000004D",
                  },
                  false,
                ]
              }
            >
              上一步
            </Text>
          </View>
        </View>
      </View>
      <View
        style={
          Array [
            Object {
              "flex": 1,
            },
            undefined,
          ]
        }
      >
        <View
          style={
            Array [
              Object {
                "flexDirection": "row",
                "justifyContent": "center",
              },
            ]
          }
        >
          <Text
            style={
              Array [
                Object {
                  "color": "#108ee9",
                  "fontSize": 18,
                },
              ]
            }
          >
            1
          </Text>
          <Text
            style={
              Array [
                Object {
                  "color": "#000000",
                  "fontSize": 18,
                },
              ]
            }
          >
            /
            5
          </Text>
        </View>
      </View>
      <View
        style={
          Array [
            Object {
              "flex": 1,
            },
            undefined,
          ]
        }
      >
        <View
          accessible={true}
          isTVSelectable={true}
          onResponderGrant={[Function]}
          onResponderMove={[Function]}
          onResponderRelease={[Function]}
          onResponderTerminate={[Function]}
          onResponderTerminationRequest={[Function]}
          onStartShouldSetResponder={[Function]}
          style={
            Array [
              Object {
                "alignItems": "center",
                "borderRadius": 5,
                "borderWidth": 1,
                "justifyContent": "center",
              },
              Object {
                "height": 47,
                "paddingLeft": 15,
                "paddingRight": 15,
              },
              Object {
                "backgroundColor": "#ffffff",
                "borderColor": "#dddddd",
              },
              false,
              false,
              undefined,
              undefined,
            ]
          }
        >
          <View
            style={
              Object {
                "flexDirection": "row",
              }
            }
          >
            <Text
              style={
                Array [
                  Object {
                    "fontSize": 18,
                  },
                  Object {
                    "color": "#000000",
                  },
                  false,
                  false,
                ]
              }
            >
              下一步
            </Text>
          </View>
        </View>
      </View>
    </View>
  </View>
  <View
    style={
      Array [
        Object {
          "height": 15,
        },
        undefined,
      ]
    }
  />
  <View
    style={
      Array [
        Object {
          "alignItems": "center",
          "justifyContent": "center",
        },
        undefined,
      ]
    }
  >
    <View
      style={
        Array [
          Object {
            "alignItems": "center",
            "flexDirection": "row",
            "flexWrap": "nowrap",
            "justifyContent": "flex-start",
          },
          undefined,
        ]
      }
    >
      <View
        style={
          Array [
            Object {
              "flex": 1,
            },
            undefined,
          ]
        }
      >
        <View
          accessible={true}
          isTVSelectable={true}
          onResponderGrant={[Function]}
          onResponderMove={[Function]}
          onResponderRelease={[Function]}
          onResponderTerminate={[Function]}
          onResponderTerminationRequest={[Function]}
          onStartShouldSetResponder={[Function]}
          style={
            Array [
              Object {
                "alignItems": "center",
                "borderRadius": 5,
                "borderWidth": 1,
                "justifyContent": "center",
              },
              Object {
                "height": 47,
                "paddingLeft": 15,
                "paddingRight": 15,
              },
              Object {
                "backgroundColor": "#ffffff",
                "borderColor": "#dddddd",
              },
              Object {
                "backgroundColor": "#dddddd",
                "borderColor": "#dddddd",
              },
              false,
              undefined,
              undefined,
            ]
          }
        >
          <View
            style={
              Object {
                "flexDirection": "row",
              }
            }
          >
            <Text
              style={
                Array [
                  Object {
                    "fontSize": 18,
                  },
                  Object {
                    "color": "#000000",
                  },
                  Object {
                    "color": "#0000004D",
                  },
                  false,
                ]
              }
            >
              上一步
            </Text>
          </View>
        </View>
      </View>
      <View
        style={
          Array [
            Object {
              "flex": 1,
            },
            undefined,
          ]
        }
      />
      <View
        style={
          Array [
            Object {
              "flex": 1,
            },
            undefined,
          ]
        }
      >
        <View
          accessible={true}
          isTVSelectable={true}
          onResponderGrant={[Function]}
          onResponderMove={[Function]}
          onResponderRelease={[Function]}
          onResponderTerminate={[Function]}
          onResponderTerminationRequest={[Function]}
          onStartShouldSetResponder={[Function]}
          style={
            Array [
              Object {
                "alignItems": "center",
                "borderRadius": 5,
                "borderWidth": 1,
                "justifyContent": "center",
              },
              Object {
                "height": 47,
                "paddingLeft": 15,
                "paddingRight": 15,
              },
              Object {
                "backgroundColor": "#ffffff",
                "borderColor": "#dddddd",
              },
              false,
              false,
              undefined,
              undefined,
            ]
          }
        >
          <View
            style={
              Object {
                "flexDirection": "row",
              }
            }
          >
            <Text
              style={
                Array [
                  Object {
                    "fontSize": 18,
                  },
                  Object {
                    "color": "#000000",
                  },
                  false,
                  false,
                ]
              }
            >
              下一步
            </Text>
          </View>
        </View>
      </View>
    </View>
  </View>
  <View
    style={
      Array [
        Object {
          "height": 15,
        },
        undefined,
      ]
    }
  />
  <View
    style={
      Array [
        Object {
          "alignItems": "center",
          "justifyContent": "center",
        },
        undefined,
      ]
    }
  >
    <View
      style={
        Array [
          Object {
            "flexDirection": "row",
            "justifyContent": "center",
          },
        ]
      }
    >
      <Text
        style={
          Array [
            Object {
              "color": "#108ee9",
              "fontSize": 18,
            },
          ]
        }
      >
        3
      </Text>
      <Text
        style={
          Array [
            Object {
              "color": "#000000",
              "fontSize": 18,
            },
          ]
        }
      >
        /
        5
      </Text>
    </View>
  </View>
  <View
    style={
      Array [
        Object {
          "height": 15,
        },
        undefined,
      ]
    }
  />
  <View
    style={
      Array [
        Object {
          "alignItems": "center",
          "justifyContent": "center",
        },
        undefined,
      ]
    }
  >
    <View
      style={
        Array [
          Object {
            "flexDirection": "row",
          },
          null,
        ]
      }
    >
      <View
        style={
          Array [
            Object {
              "backgroundColor": "#cccccc",
              "borderRadius": 8,
              "height": 8,
              "width": 8,
            },
            Object {
              "marginHorizontal": 2.5,
              "marginVertical": 3,
            },
            false,
          ]
        }
      />
      <View
        style={
          Array [
            Object {
              "backgroundColor": "#cccccc",
              "borderRadius": 8,
              "height": 8,
              "width": 8,
            },
            Object {
              "marginHorizontal": 2.5,
              "marginVertical": 3,
            },
            Object {
              "backgroundColor": "#888",
            },
          ]
        }
      />
      <View
        style={
          Array [
            Object {
              "backgroundColor": "#cccccc",
              "borderRadius": 8,
              "height": 8,
              "width": 8,
            },
            Object {
              "marginHorizontal": 2.5,
              "marginVertical": 3,
            },
            false,
          ]
        }
      />
      <View
        style={
          Array [
            Object {
              "backgroundColor": "#cccccc",
              "borderRadius": 8,
              "height": 8,
              "width": 8,
            },
            Object {
              "marginHorizontal": 2.5,
              "marginVertical": 3,
            },
            false,
          ]
        }
      />
      <View
        style={
          Array [
            Object {
              "backgroundColor": "#cccccc",
              "borderRadius": 8,
              "height": 8,
              "width": 8,
            },
            Object {
              "marginHorizontal": 2.5,
              "marginVertical": 3,
            },
            false,
          ]
        }
      />
    </View>
  </View>
</View>
`;
