// Jest Snapshot v1, https://goo.gl/fbAQLP

exports[`renders ./components/notice-bar/demo/basic.tsx correctly 1`] = `
<View
  style={
    Object {
      "marginTop": 10,
    }
  }
>
  <View
    style={
      Array [
        Object {
          "height": 15,
        },
        undefined,
      ]
    }
  />
  <TouchableWithoutFeedback
    onPress={[Function]}
  >
    <View
      style={
        Array [
          Object {
            "alignItems": "center",
            "backgroundColor": "#fffada",
            "flexDirection": "row",
            "height": 36,
            "overflow": "hidden",
          },
          undefined,
        ]
      }
    >
      <View
        style={
          Object {
            "marginLeft": 15,
          }
        }
      >
        <Text
          style={
            Array [
              Object {
                "color": "#f4333c",
                "fontFamily": "antoutline",
                "fontSize": 22,
                "fontStyle": "normal",
                "fontWeight": "normal",
              },
              undefined,
            ]
          }
        >
          
        </Text>
      </View>
      <View
        style={
          Array [
            Object {
              "flex": 1,
              "marginRight": 15,
              "overflow": "hidden",
              "width": 0,
            },
            Object {
              "marginLeft": 5,
            },
          ]
        }
      >
        <View
          onLayout={[Function]}
          style={
            Object {
              "alignItems": "center",
              "flex": 1,
              "flexDirection": "row",
            }
          }
        >
          <View
            style={
              Object {
                "flexDirection": "row",
                "left": 0,
                "width": 1000,
              }
            }
          >
            <Text
              ellipsizeMode="tail"
              numberOfLines={1}
              onLayout={[Function]}
              style={
                Object {
                  "color": "red",
                  "fontSize": 12,
                }
              }
            >
              Notice: The arrival time of incomes and transfers of Yu 'E Bao will be delayed during National Day.
            </Text>
          </View>
        </View>
      </View>
    </View>
  </TouchableWithoutFeedback>
  <View
    style={
      Array [
        Object {
          "height": 15,
        },
        undefined,
      ]
    }
  />
  <View
    style={
      Array [
        Object {
          "alignItems": "center",
          "backgroundColor": "#fffada",
          "flexDirection": "row",
          "height": 36,
          "overflow": "hidden",
        },
        undefined,
      ]
    }
  >
    <View
      style={
        Object {
          "marginLeft": 15,
        }
      }
    >
      <Text
        style={
          Array [
            Object {
              "color": "#f4333c",
              "fontFamily": "antoutline",
              "fontSize": 22,
              "fontStyle": "normal",
              "fontWeight": "normal",
            },
            undefined,
          ]
        }
      >
        
      </Text>
    </View>
    <View
      style={
        Array [
          Object {
            "flex": 1,
            "marginRight": 15,
            "overflow": "hidden",
            "width": 0,
          },
          Object {
            "marginLeft": 5,
          },
        ]
      }
    >
      <View
        onLayout={[Function]}
        style={
          Object {
            "alignItems": "center",
            "flex": 1,
            "flexDirection": "row",
          }
        }
      >
        <View
          style={
            Object {
              "flexDirection": "row",
              "left": 0,
              "width": 1000,
            }
          }
        >
          <Text
            ellipsizeMode="tail"
            numberOfLines={1}
            onLayout={[Function]}
            style={
              Object {
                "color": "#f4333c",
                "fontSize": 15,
              }
            }
          >
            Notice: The arrival time of incomes and transfers of Yu 'E Bao will be delayed during National Day.
          </Text>
        </View>
      </View>
    </View>
    <TouchableWithoutFeedback
      onPress={[Function]}
    >
      <View
        style={
          Object {
            "marginRight": 15,
          }
        }
      >
        <Text
          style={
            Array [
              Object {
                "color": "#f4333c",
                "fontSize": 18,
                "fontWeight": "200",
                "textAlign": "left",
              },
            ]
          }
        >
          ×
        </Text>
      </View>
    </TouchableWithoutFeedback>
  </View>
  <View
    style={
      Array [
        Object {
          "height": 15,
        },
        undefined,
      ]
    }
  />
  <View
    style={
      Array [
        Object {
          "alignItems": "center",
          "backgroundColor": "#fffada",
          "flexDirection": "row",
          "height": 36,
          "overflow": "hidden",
        },
        undefined,
      ]
    }
  >
    <View
      style={
        Object {
          "marginLeft": 15,
        }
      }
    >
      <Image
        source={
          Object {
            "uri": "https://zos.alipayobjects.com/rmsportal/bRnouywfdRsCcLU.png",
          }
        }
        style={
          Object {
            "height": 12,
            "width": 12,
          }
        }
      />
    </View>
    <View
      style={
        Array [
          Object {
            "flex": 1,
            "marginRight": 15,
            "overflow": "hidden",
            "width": 0,
          },
          Object {
            "marginLeft": 5,
          },
        ]
      }
    >
      <View
        onLayout={[Function]}
        style={
          Object {
            "alignItems": "center",
            "flex": 1,
            "flexDirection": "row",
          }
        }
      >
        <View
          style={
            Object {
              "flexDirection": "row",
              "left": 0,
              "width": 1000,
            }
          }
        >
          <Text
            ellipsizeMode="tail"
            numberOfLines={1}
            onLayout={[Function]}
            style={
              Object {
                "color": "#f4333c",
                "fontSize": 15,
              }
            }
          >
            Customized icon.
          </Text>
        </View>
      </View>
    </View>
    <TouchableWithoutFeedback
      onPress={[Function]}
    >
      <View
        style={
          Object {
            "marginRight": 15,
          }
        }
      >
        <Text
          style={
            Array [
              Object {
                "color": "#f4333c",
                "fontSize": 18,
                "fontWeight": "200",
                "textAlign": "left",
              },
            ]
          }
        >
          ×
        </Text>
      </View>
    </TouchableWithoutFeedback>
  </View>
  <View
    style={
      Array [
        Object {
          "height": 15,
        },
        undefined,
      ]
    }
  />
  <TouchableWithoutFeedback
    onPress={[Function]}
  >
    <View
      style={
        Array [
          Object {
            "alignItems": "center",
            "backgroundColor": "#fffada",
            "flexDirection": "row",
            "height": 36,
            "overflow": "hidden",
          },
          undefined,
        ]
      }
    >
      <View
        style={
          Object {
            "marginLeft": 15,
          }
        }
      >
        <Text
          style={
            Array [
              Object {
                "color": "#f4333c",
                "fontFamily": "antoutline",
                "fontSize": 22,
                "fontStyle": "normal",
                "fontWeight": "normal",
              },
              undefined,
            ]
          }
        >
          
        </Text>
      </View>
      <View
        style={
          Array [
            Object {
              "flex": 1,
              "marginRight": 15,
              "overflow": "hidden",
              "width": 0,
            },
            Object {
              "marginLeft": 5,
            },
          ]
        }
      >
        <View
          onLayout={[Function]}
          style={
            Object {
              "alignItems": "center",
              "flex": 1,
              "flexDirection": "row",
            }
          }
        >
          <View
            style={
              Object {
                "flexDirection": "row",
                "left": 0,
                "width": 1000,
              }
            }
          >
            <Text
              ellipsizeMode="tail"
              numberOfLines={1}
              onLayout={[Function]}
              style={
                Object {
                  "color": "#f4333c",
                  "fontSize": 15,
                }
              }
            >
              Notice: The arrival time of incomes and transfers of Yu 'E Bao will be delayed during National Day.
            </Text>
          </View>
        </View>
      </View>
      <View
        style={
          Object {
            "marginRight": 15,
          }
        }
      >
        <Text
          style={
            Array [
              Object {
                "color": "#f4333c",
                "fontSize": 10,
                "fontWeight": "500",
                "textAlign": "left",
                "transform": Array [
                  Object {
                    "rotate": "225deg",
                  },
                ],
              },
            ]
          }
        >
          ∟
        </Text>
      </View>
    </View>
  </TouchableWithoutFeedback>
  <View
    style={
      Array [
        Object {
          "height": 15,
        },
        undefined,
      ]
    }
  />
  <TouchableWithoutFeedback
    onPress={[Function]}
  >
    <View
      style={
        Array [
          Object {
            "alignItems": "center",
            "backgroundColor": "#fffada",
            "flexDirection": "row",
            "height": 36,
            "overflow": "hidden",
          },
          undefined,
        ]
      }
    >
      <View
        style={
          Object {
            "marginLeft": 15,
          }
        }
      >
        <Text
          style={
            Array [
              Object {
                "color": "#f4333c",
                "fontFamily": "antoutline",
                "fontSize": 22,
                "fontStyle": "normal",
                "fontWeight": "normal",
              },
              undefined,
            ]
          }
        >
          
        </Text>
      </View>
      <View
        style={
          Array [
            Object {
              "flex": 1,
              "marginRight": 15,
              "overflow": "hidden",
              "width": 0,
            },
            Object {
              "marginLeft": 5,
            },
          ]
        }
      >
        <View
          onLayout={[Function]}
          style={
            Object {
              "alignItems": "center",
              "flex": 1,
              "flexDirection": "row",
            }
          }
        >
          <View
            style={
              Object {
                "flexDirection": "row",
                "left": 0,
                "width": 1000,
              }
            }
          >
            <Text
              ellipsizeMode="tail"
              numberOfLines={1}
              onLayout={[Function]}
              style={
                Object {
                  "color": "#f4333c",
                  "fontSize": 15,
                }
              }
            >
              Notice: The arrival time of incomes and transfers of Yu 'E Bao will be delayed during National Day.
            </Text>
          </View>
        </View>
      </View>
      <View
        style={
          Object {
            "marginRight": 15,
          }
        }
      >
        <Text
          style={
            Array [
              Object {
                "color": "#f4333c",
                "fontSize": 10,
                "fontWeight": "500",
                "textAlign": "left",
                "transform": Array [
                  Object {
                    "rotate": "225deg",
                  },
                ],
              },
            ]
          }
        >
          ∟
        </Text>
      </View>
    </View>
  </TouchableWithoutFeedback>
  <View
    style={
      Array [
        Object {
          "height": 15,
        },
        undefined,
      ]
    }
  />
  <View
    style={
      Array [
        Object {
          "alignItems": "center",
          "backgroundColor": "#fffada",
          "flexDirection": "row",
          "height": 36,
          "overflow": "hidden",
        },
        undefined,
      ]
    }
  >
    <View
      style={
        Object {
          "marginLeft": 15,
        }
      }
    >
      <Text
        style={
          Array [
            Object {
              "color": "#f4333c",
              "fontFamily": "antoutline",
              "fontSize": 22,
              "fontStyle": "normal",
              "fontWeight": "normal",
            },
            undefined,
          ]
        }
      >
        
      </Text>
    </View>
    <View
      style={
        Array [
          Object {
            "flex": 1,
            "marginRight": 15,
            "overflow": "hidden",
            "width": 0,
          },
          Object {
            "marginLeft": 5,
          },
        ]
      }
    >
      <View
        onLayout={[Function]}
        style={
          Object {
            "alignItems": "center",
            "flex": 1,
            "flexDirection": "row",
          }
        }
      >
        <View
          style={
            Object {
              "flexDirection": "row",
              "left": 0,
              "width": 1000,
            }
          }
        >
          <Text
            ellipsizeMode="tail"
            numberOfLines={1}
            onLayout={[Function]}
            style={
              Object {
                "color": "#f4333c",
                "fontSize": 15,
              }
            }
          >
            Remove the default icon.
          </Text>
        </View>
      </View>
    </View>
    <TouchableWithoutFeedback
      onPress={[Function]}
    >
      <View
        style={
          Object {
            "marginRight": 15,
          }
        }
      >
        <Text
          style={
            Array [
              Object {
                "color": "#f4333c",
                "fontSize": 18,
                "fontWeight": "200",
                "textAlign": "left",
              },
            ]
          }
        >
          ×
        </Text>
      </View>
    </TouchableWithoutFeedback>
  </View>
  <View
    style={
      Array [
        Object {
          "height": 15,
        },
        undefined,
      ]
    }
  />
  <View
    style={
      Array [
        Object {
          "alignItems": "center",
          "backgroundColor": "#fffada",
          "flexDirection": "row",
          "height": 36,
          "overflow": "hidden",
        },
        undefined,
      ]
    }
  >
    <View
      style={
        Object {
          "marginLeft": 15,
        }
      }
    >
      <Text
        style={
          Array [
            Object {
              "color": "#f4333c",
              "fontFamily": "antoutline",
              "fontSize": 22,
              "fontStyle": "normal",
              "fontWeight": "normal",
            },
            undefined,
          ]
        }
      >
        
      </Text>
    </View>
    <View
      style={
        Array [
          Object {
            "flex": 1,
            "marginRight": 15,
            "overflow": "hidden",
            "width": 0,
          },
          Object {
            "marginLeft": 5,
          },
        ]
      }
    >
      <View
        onLayout={[Function]}
        style={
          Object {
            "alignItems": "center",
            "flex": 1,
            "flexDirection": "row",
          }
        }
      >
        <View
          style={
            Object {
              "flexDirection": "row",
              "left": 0,
              "width": 1000,
            }
          }
        >
          <Text
            ellipsizeMode="tail"
            numberOfLines={1}
            onLayout={[Function]}
            style={
              Object {
                "color": "#f4333c",
                "fontSize": 15,
              }
            }
          >
            Closable demo for \`actionText\`.
          </Text>
        </View>
      </View>
    </View>
    <TouchableWithoutFeedback
      onPress={[Function]}
    >
      <View
        style={
          Object {
            "marginRight": 15,
          }
        }
      >
        <Text
          style={
            Object {
              "color": "#a1a1a1",
            }
          }
        >
          不再提示
        </Text>
      </View>
    </TouchableWithoutFeedback>
  </View>
  <View
    style={
      Array [
        Object {
          "height": 15,
        },
        undefined,
      ]
    }
  />
  <TouchableWithoutFeedback
    onPress={[Function]}
  >
    <View
      style={
        Array [
          Object {
            "alignItems": "center",
            "backgroundColor": "#fffada",
            "flexDirection": "row",
            "height": 36,
            "overflow": "hidden",
          },
          undefined,
        ]
      }
    >
      <View
        style={
          Object {
            "marginLeft": 15,
          }
        }
      >
        <Text
          style={
            Array [
              Object {
                "color": "#f4333c",
                "fontFamily": "antoutline",
                "fontSize": 22,
                "fontStyle": "normal",
                "fontWeight": "normal",
              },
              undefined,
            ]
          }
        >
          
        </Text>
      </View>
      <View
        style={
          Array [
            Object {
              "flex": 1,
              "marginRight": 15,
              "overflow": "hidden",
              "width": 0,
            },
            Object {
              "marginLeft": 5,
            },
          ]
        }
      >
        <View
          onLayout={[Function]}
          style={
            Object {
              "alignItems": "center",
              "flex": 1,
              "flexDirection": "row",
            }
          }
        >
          <View
            style={
              Object {
                "flexDirection": "row",
                "left": 0,
                "width": 1000,
              }
            }
          >
            <Text
              ellipsizeMode="tail"
              numberOfLines={1}
              onLayout={[Function]}
              style={
                Object {
                  "color": "#f4333c",
                  "fontSize": 15,
                }
              }
            >
              Link demo for \`actionText\`.
            </Text>
          </View>
        </View>
      </View>
      <View
        style={
          Object {
            "marginRight": 15,
          }
        }
      >
        <Text>
          去看看
        </Text>
      </View>
    </View>
  </TouchableWithoutFeedback>
</View>
`;
