// Jest Snapshot v1, https://goo.gl/fbAQLP

exports[`renders ./components/white-space/demo/basic.tsx correctly 1`] = `
<View>
  <View
    style={
      Array [
        Object {
          "height": 3,
        },
        undefined,
      ]
    }
  />
  <View
    style={
      Object {
        "alignItems": "center",
        "backgroundColor": "#fff",
        "height": 30,
        "justifyContent": "center",
      }
    }
  >
    <Text
      style={
        Object {
          "color": "#bbb",
        }
      }
    >
      Block
    </Text>
  </View>
  <View
    style={
      Array [
        Object {
          "height": 6,
        },
        undefined,
      ]
    }
  />
  <View
    style={
      Object {
        "alignItems": "center",
        "backgroundColor": "#fff",
        "height": 30,
        "justifyContent": "center",
      }
    }
  >
    <Text
      style={
        Object {
          "color": "#bbb",
        }
      }
    >
      Block
    </Text>
  </View>
  <View
    style={
      Array [
        Object {
          "height": 9,
        },
        undefined,
      ]
    }
  />
  <View
    style={
      Object {
        "alignItems": "center",
        "backgroundColor": "#fff",
        "height": 30,
        "justifyContent": "center",
      }
    }
  >
    <Text
      style={
        Object {
          "color": "#bbb",
        }
      }
    >
      Block
    </Text>
  </View>
  <View
    style={
      Array [
        Object {
          "height": 15,
        },
        undefined,
      ]
    }
  />
  <View
    style={
      Object {
        "alignItems": "center",
        "backgroundColor": "#fff",
        "height": 30,
        "justifyContent": "center",
      }
    }
  >
    <Text
      style={
        Object {
          "color": "#bbb",
        }
      }
    >
      Block
    </Text>
  </View>
  <View
    style={
      Array [
        Object {
          "height": 21,
        },
        undefined,
      ]
    }
  />
  <View
    style={
      Object {
        "alignItems": "center",
        "backgroundColor": "#fff",
        "height": 30,
        "justifyContent": "center",
      }
    }
  >
    <Text
      style={
        Object {
          "color": "#bbb",
        }
      }
    >
      Block
    </Text>
  </View>
</View>
`;
