// Jest Snapshot v1, https://goo.gl/fbAQLP

exports[`renders ./components/progress/demo/basic.tsx correctly 1`] = `
<View>
  <View
    onLayout={[Function]}
    style={
      Array [
        Object {
          "backgroundColor": "#dddddd",
          "flex": 1,
        },
        Object {
          "position": "absolute",
          "top": 0,
        },
        Object {},
        undefined,
      ]
    }
  >
    <View
      style={
        Array [
          Object {
            "borderBottomWidth": 4,
            "borderColor": "#108ee9",
            "borderStyle": "solid",
          },
          Object {
            "height": 0,
            "width": 675,
          },
          undefined,
        ]
      }
    />
  </View>
  <View
    style={
      Array [
        Object {
          "alignItems": "center",
          "flexDirection": "row",
          "justifyContent": "space-between",
          "marginTop": 80,
        },
      ]
    }
  >
    <View
      style={
        Object {
          "flex": 1,
          "height": 4,
          "marginRight": 10,
        }
      }
    >
      <View
        onLayout={[Function]}
        style={
          Array [
            Object {
              "backgroundColor": "#dddddd",
              "flex": 1,
            },
            Object {},
            Object {},
            undefined,
          ]
        }
      >
        <View
          style={
            Array [
              Object {
                "borderBottomWidth": 4,
                "borderColor": "#108ee9",
                "borderStyle": "solid",
              },
              Object {
                "height": 0,
                "width": 300,
              },
              undefined,
            ]
          }
        />
      </View>
    </View>
    <Text>
      40
      %
    </Text>
  </View>
  <View
    accessible={true}
    focusable={true}
    onClick={[Function]}
    onResponderGrant={[Function]}
    onResponderMove={[Function]}
    onResponderRelease={[Function]}
    onResponderTerminate={[Function]}
    onResponderTerminationRequest={[Function]}
    onStartShouldSetResponder={[Function]}
    style={
      Array [
        Object {
          "alignItems": "center",
          "borderRadius": 5,
          "borderWidth": 1,
          "justifyContent": "center",
        },
        Object {
          "height": 23,
          "paddingLeft": 5,
          "paddingRight": 5,
        },
        Object {
          "backgroundColor": "transparent",
          "borderColor": "#108ee9",
        },
        false,
        false,
        undefined,
        Object {
          "marginLeft": 10,
          "width": 50,
        },
      ]
    }
  >
    <View
      style={
        Object {
          "flexDirection": "row",
        }
      }
    >
      <Text
        style={
          Array [
            Object {
              "fontSize": 12,
            },
            Object {
              "color": "#108ee9",
            },
            false,
            false,
          ]
        }
      >
        (+-)10
      </Text>
    </View>
  </View>
  <View
    style={
      Array [
        Object {
          "height": 9,
        },
        undefined,
      ]
    }
  />
  <View
    onLayout={[Function]}
    style={
      Array [
        Object {
          "backgroundColor": "#dddddd",
          "flex": 1,
        },
        Object {},
        Object {},
        undefined,
      ]
    }
  >
    <View
      style={
        Array [
          Object {
            "borderBottomWidth": 4,
            "borderColor": "#108ee9",
            "borderStyle": "solid",
          },
          Object {
            "height": 0,
            "width": 37.5,
          },
          undefined,
        ]
      }
    />
  </View>
</View>
`;
