// Jest Snapshot v1, https://goo.gl/fbAQLP

exports[`renders ./components/button/demo/basic.tsx correctly 1`] = `
<View
  style={
    Array [
      Object {
        "marginLeft": 15,
        "marginRight": 15,
      },
      undefined,
    ]
  }
>
  <View
    style={
      Array [
        Object {
          "height": 9,
        },
        undefined,
      ]
    }
  />
  <View
    accessible={true}
    isTVSelectable={true}
    onResponderGrant={[Function]}
    onResponderMove={[Function]}
    onResponderRelease={[Function]}
    onResponderTerminate={[Function]}
    onResponderTerminationRequest={[Function]}
    onStartShouldSetResponder={[Function]}
    style={
      Array [
        Object {
          "alignItems": "center",
          "borderRadius": 5,
          "borderWidth": 1,
          "justifyContent": "center",
        },
        Object {
          "height": 47,
          "paddingLeft": 15,
          "paddingRight": 15,
        },
        Object {
          "backgroundColor": "#ffffff",
          "borderColor": "#dddddd",
        },
        false,
        false,
        undefined,
        undefined,
      ]
    }
  >
    <View
      style={
        Object {
          "flexDirection": "row",
        }
      }
    >
      <Text
        style={
          Array [
            Object {
              "fontSize": 18,
            },
            Object {
              "color": "#000000",
            },
            false,
            false,
          ]
        }
      >
        default
      </Text>
    </View>
  </View>
  <View
    style={
      Array [
        Object {
          "height": 9,
        },
        undefined,
      ]
    }
  />
  <View
    accessible={true}
    isTVSelectable={true}
    onResponderGrant={[Function]}
    onResponderMove={[Function]}
    onResponderRelease={[Function]}
    onResponderTerminate={[Function]}
    onResponderTerminationRequest={[Function]}
    onStartShouldSetResponder={[Function]}
    style={
      Array [
        Object {
          "alignItems": "center",
          "borderRadius": 5,
          "borderWidth": 1,
          "justifyContent": "center",
        },
        Object {
          "height": 47,
          "paddingLeft": 15,
          "paddingRight": 15,
        },
        Object {
          "backgroundColor": "#ffffff",
          "borderColor": "#dddddd",
        },
        Object {
          "backgroundColor": "#dddddd",
          "borderColor": "#dddddd",
        },
        false,
        undefined,
        undefined,
      ]
    }
  >
    <View
      style={
        Object {
          "flexDirection": "row",
        }
      }
    >
      <Text
        style={
          Array [
            Object {
              "fontSize": 18,
            },
            Object {
              "color": "#000000",
            },
            Object {
              "color": "#0000004D",
            },
            false,
          ]
        }
      >
        default disabled
      </Text>
    </View>
  </View>
  <View
    style={
      Array [
        Object {
          "height": 9,
        },
        undefined,
      ]
    }
  />
  <View
    accessible={true}
    isTVSelectable={true}
    onResponderGrant={[Function]}
    onResponderMove={[Function]}
    onResponderRelease={[Function]}
    onResponderTerminate={[Function]}
    onResponderTerminationRequest={[Function]}
    onStartShouldSetResponder={[Function]}
    style={
      Array [
        Object {
          "alignItems": "center",
          "borderRadius": 5,
          "borderWidth": 1,
          "justifyContent": "center",
        },
        Object {
          "height": 47,
          "paddingLeft": 15,
          "paddingRight": 15,
        },
        Object {
          "backgroundColor": "#108ee9",
          "borderColor": "#108ee9",
        },
        false,
        false,
        undefined,
        undefined,
      ]
    }
  >
    <View
      style={
        Object {
          "flexDirection": "row",
        }
      }
    >
      <Text
        style={
          Array [
            Object {
              "fontSize": 18,
            },
            Object {
              "color": "#ffffff",
            },
            false,
            false,
          ]
        }
      >
        primary
      </Text>
    </View>
  </View>
  <View
    style={
      Array [
        Object {
          "height": 9,
        },
        undefined,
      ]
    }
  />
  <View
    accessible={true}
    isTVSelectable={true}
    onResponderGrant={[Function]}
    onResponderMove={[Function]}
    onResponderRelease={[Function]}
    onResponderTerminate={[Function]}
    onResponderTerminationRequest={[Function]}
    onStartShouldSetResponder={[Function]}
    style={
      Array [
        Object {
          "alignItems": "center",
          "borderRadius": 5,
          "borderWidth": 1,
          "justifyContent": "center",
        },
        Object {
          "height": 47,
          "paddingLeft": 15,
          "paddingRight": 15,
        },
        Object {
          "backgroundColor": "#108ee9",
          "borderColor": "#108ee9",
        },
        Object {
          "opacity": 0.4,
        },
        false,
        undefined,
        undefined,
      ]
    }
  >
    <View
      style={
        Object {
          "flexDirection": "row",
        }
      }
    >
      <Text
        style={
          Array [
            Object {
              "fontSize": 18,
            },
            Object {
              "color": "#ffffff",
            },
            Object {
              "color": "#ffffff99",
            },
            false,
          ]
        }
      >
        primary disabled
      </Text>
    </View>
  </View>
  <View
    style={
      Array [
        Object {
          "height": 9,
        },
        undefined,
      ]
    }
  />
  <View
    accessible={true}
    isTVSelectable={true}
    onResponderGrant={[Function]}
    onResponderMove={[Function]}
    onResponderRelease={[Function]}
    onResponderTerminate={[Function]}
    onResponderTerminationRequest={[Function]}
    onStartShouldSetResponder={[Function]}
    style={
      Array [
        Object {
          "alignItems": "center",
          "borderRadius": 5,
          "borderWidth": 1,
          "justifyContent": "center",
        },
        Object {
          "height": 47,
          "paddingLeft": 15,
          "paddingRight": 15,
        },
        Object {
          "backgroundColor": "#e94f4f",
          "borderColor": "#e94f4f",
        },
        false,
        false,
        undefined,
        undefined,
      ]
    }
  >
    <View
      style={
        Object {
          "flexDirection": "row",
        }
      }
    >
      <Text
        style={
          Array [
            Object {
              "fontSize": 18,
            },
            Object {
              "color": "#ffffff",
            },
            false,
            false,
          ]
        }
      >
        warning
      </Text>
    </View>
  </View>
  <View
    style={
      Array [
        Object {
          "height": 9,
        },
        undefined,
      ]
    }
  />
  <View
    accessible={true}
    isTVSelectable={true}
    onResponderGrant={[Function]}
    onResponderMove={[Function]}
    onResponderRelease={[Function]}
    onResponderTerminate={[Function]}
    onResponderTerminationRequest={[Function]}
    onStartShouldSetResponder={[Function]}
    style={
      Array [
        Object {
          "alignItems": "center",
          "borderRadius": 5,
          "borderWidth": 1,
          "justifyContent": "center",
        },
        Object {
          "height": 47,
          "paddingLeft": 15,
          "paddingRight": 15,
        },
        Object {
          "backgroundColor": "#e94f4f",
          "borderColor": "#e94f4f",
        },
        Object {
          "opacity": 0.4,
        },
        false,
        undefined,
        undefined,
      ]
    }
  >
    <View
      style={
        Object {
          "flexDirection": "row",
        }
      }
    >
      <Text
        style={
          Array [
            Object {
              "fontSize": 18,
            },
            Object {
              "color": "#ffffff",
            },
            Object {
              "color": "#ffffff99",
            },
            false,
          ]
        }
      >
        warning disabled
      </Text>
    </View>
  </View>
  <View
    style={
      Array [
        Object {
          "height": 9,
        },
        undefined,
      ]
    }
  />
  <View
    accessible={true}
    isTVSelectable={true}
    onResponderGrant={[Function]}
    onResponderMove={[Function]}
    onResponderRelease={[Function]}
    onResponderTerminate={[Function]}
    onResponderTerminationRequest={[Function]}
    onStartShouldSetResponder={[Function]}
    style={
      Array [
        Object {
          "alignItems": "center",
          "borderRadius": 5,
          "borderWidth": 1,
          "justifyContent": "center",
        },
        Object {
          "height": 47,
          "paddingLeft": 15,
          "paddingRight": 15,
        },
        Object {
          "backgroundColor": "#ffffff",
          "borderColor": "#dddddd",
        },
        false,
        false,
        undefined,
        undefined,
      ]
    }
  >
    <View
      style={
        Object {
          "flexDirection": "row",
        }
      }
    >
      <ActivityIndicator
        animating={true}
        color="#000000"
        hidesWhenStopped={true}
        size="small"
        style={
          Object {
            "marginRight": 8,
          }
        }
      />
      <Text
        style={
          Array [
            Object {
              "fontSize": 18,
            },
            Object {
              "color": "#000000",
            },
            false,
            false,
          ]
        }
      >
        loading button
      </Text>
    </View>
  </View>
  <View
    accessible={true}
    isTVSelectable={true}
    onResponderGrant={[Function]}
    onResponderMove={[Function]}
    onResponderRelease={[Function]}
    onResponderTerminate={[Function]}
    onResponderTerminationRequest={[Function]}
    onStartShouldSetResponder={[Function]}
    style={
      Array [
        Object {
          "alignItems": "center",
          "borderRadius": 5,
          "borderWidth": 1,
          "justifyContent": "center",
        },
        Object {
          "height": 47,
          "paddingLeft": 15,
          "paddingRight": 15,
        },
        Object {
          "backgroundColor": "#ffffff",
          "borderColor": "#dddddd",
        },
        false,
        false,
        false,
        undefined,
      ]
    }
  >
    <View
      style={
        Object {
          "flexDirection": "row",
        }
      }
    >
      <Text
        style={
          Array [
            Object {
              "fontSize": 18,
            },
            Object {
              "color": "#000000",
            },
            false,
            false,
          ]
        }
      >
        无点击反馈
      </Text>
    </View>
  </View>
  <View
    style={
      Array [
        Object {
          "height": 9,
        },
        undefined,
      ]
    }
  />
  <View
    accessible={true}
    isTVSelectable={true}
    onResponderGrant={[Function]}
    onResponderMove={[Function]}
    onResponderRelease={[Function]}
    onResponderTerminate={[Function]}
    onResponderTerminationRequest={[Function]}
    onStartShouldSetResponder={[Function]}
    style={
      Array [
        Object {
          "alignItems": "center",
          "borderRadius": 5,
          "borderWidth": 1,
          "justifyContent": "center",
        },
        Object {
          "height": 47,
          "paddingLeft": 15,
          "paddingRight": 15,
        },
        Object {
          "backgroundColor": "#ffffff",
          "borderColor": "#dddddd",
        },
        false,
        false,
        false,
        undefined,
      ]
    }
  >
    <View
      style={
        Object {
          "flexDirection": "row",
        }
      }
    >
      <Text
        style={
          Array [
            Object {
              "fontSize": 18,
            },
            Object {
              "color": "#000000",
            },
            false,
            false,
          ]
        }
      >
        custom feedback style
      </Text>
    </View>
  </View>
  <View
    style={
      Array [
        Object {
          "height": 9,
        },
        undefined,
      ]
    }
  />
  <View
    style={
      Array [
        Object {
          "marginLeft": 15,
          "marginRight": 15,
        },
        Object {
          "alignItems": "center",
          "flexDirection": "row",
          "justifyContent": "space-between",
          "marginTop": 20,
        },
      ]
    }
  >
    <View
      accessible={true}
      isTVSelectable={true}
      onResponderGrant={[Function]}
      onResponderMove={[Function]}
      onResponderRelease={[Function]}
      onResponderTerminate={[Function]}
      onResponderTerminationRequest={[Function]}
      onStartShouldSetResponder={[Function]}
      style={
        Array [
          Object {
            "alignItems": "center",
            "borderRadius": 5,
            "borderWidth": 1,
            "justifyContent": "center",
          },
          Object {
            "height": 47,
            "paddingLeft": 15,
            "paddingRight": 15,
          },
          Object {
            "backgroundColor": "transparent",
            "borderColor": "#108ee9",
          },
          false,
          false,
          undefined,
          undefined,
        ]
      }
    >
      <View
        style={
          Object {
            "flexDirection": "row",
          }
        }
      >
        <Text
          style={
            Array [
              Object {
                "fontSize": 18,
              },
              Object {
                "color": "#108ee9",
              },
              false,
              false,
            ]
          }
        >
          ghost
        </Text>
      </View>
    </View>
    <View
      accessible={true}
      isTVSelectable={true}
      onResponderGrant={[Function]}
      onResponderMove={[Function]}
      onResponderRelease={[Function]}
      onResponderTerminate={[Function]}
      onResponderTerminationRequest={[Function]}
      onStartShouldSetResponder={[Function]}
      style={
        Array [
          Object {
            "alignItems": "center",
            "borderRadius": 5,
            "borderWidth": 1,
            "justifyContent": "center",
          },
          Object {
            "height": 47,
            "paddingLeft": 15,
            "paddingRight": 15,
          },
          Object {
            "backgroundColor": "transparent",
            "borderColor": "#108ee9",
          },
          Object {
            "borderColor": "#0000001A",
          },
          false,
          undefined,
          undefined,
        ]
      }
    >
      <View
        style={
          Object {
            "flexDirection": "row",
          }
        }
      >
        <Text
          style={
            Array [
              Object {
                "fontSize": 18,
              },
              Object {
                "color": "#108ee9",
              },
              Object {
                "color": "#0000001A",
              },
              false,
            ]
          }
        >
          ghost disabled
        </Text>
      </View>
    </View>
    <View
      accessible={true}
      isTVSelectable={true}
      onResponderGrant={[Function]}
      onResponderMove={[Function]}
      onResponderRelease={[Function]}
      onResponderTerminate={[Function]}
      onResponderTerminationRequest={[Function]}
      onStartShouldSetResponder={[Function]}
      style={
        Array [
          Object {
            "alignItems": "center",
            "borderRadius": 5,
            "borderWidth": 1,
            "justifyContent": "center",
          },
          Object {
            "height": 23,
            "paddingLeft": 5,
            "paddingRight": 5,
          },
          Object {
            "backgroundColor": "transparent",
            "borderColor": "#108ee9",
          },
          false,
          false,
          undefined,
          undefined,
        ]
      }
    >
      <View
        style={
          Object {
            "flexDirection": "row",
          }
        }
      >
        <Text
          style={
            Array [
              Object {
                "fontSize": 12,
              },
              Object {
                "color": "#108ee9",
              },
              false,
              false,
            ]
          }
        >
          ghost
        </Text>
      </View>
    </View>
  </View>
</View>
`;
