// Jest Snapshot v1, https://goo.gl/fbAQLP

exports[`renders ./components/result/demo/basic.tsx correctly 1`] = `
<ScrollView
  style={
    Object {
      "backgroundColor": "#F5F5F9",
      "flex": 1,
    }
  }
>
  <Text
    style={
      Object {
        "color": "#999",
        "margin": 10,
      }
    }
  >
    URI 图片
  </Text>
  <View
    style={
      Array [
        Object {
          "alignItems": "center",
          "backgroundColor": "#ffffff",
          "borderBottomColor": "#dddddd",
          "paddingVertical": 21,
        },
        undefined,
      ]
    }
  >
    <View
      style={
        Object {
          "margin": 0,
        }
      }
    >
      <Image
        source={
          Object {
            "uri": "https://zos.alipayobjects.com/rmsportal/GcBguhrOdlYvGfnsXgrE.png",
          }
        }
        style={
          Object {
            "height": 60,
            "width": 60,
          }
        }
      />
    </View>
    <View
      style={
        Object {
          "marginTop": 15,
          "paddingHorizontal": 15,
        }
      }
    >
      <Text
        style={
          Object {
            "color": "#000000",
            "fontSize": 21,
          }
        }
      >
        验证成功
      </Text>
    </View>
    <View
      style={
        Object {
          "marginTop": 15,
          "paddingHorizontal": 15,
        }
      }
    >
      <Text
        style={
          Object {
            "color": "#888888",
            "fontSize": 16,
          }
        }
      >
        所提交内容已成功完成验证
      </Text>
    </View>
  </View>
  <Text
    style={
      Object {
        "color": "#999",
        "margin": 10,
      }
    }
  >
    Image source
  </Text>
  <View
    style={
      Array [
        Object {
          "alignItems": "center",
          "backgroundColor": "#ffffff",
          "borderBottomColor": "#dddddd",
          "paddingVertical": 21,
        },
        undefined,
      ]
    }
  >
    <View
      style={
        Object {
          "margin": 0,
        }
      }
    >
      <Image
        source={
          Object {
            "uri": "alipay",
          }
        }
        style={
          Object {
            "height": 60,
            "width": 60,
          }
        }
      />
    </View>
    <View
      style={
        Object {
          "marginTop": 15,
          "paddingHorizontal": 15,
        }
      }
    >
      <Text
        style={
          Object {
            "color": "#000000",
            "fontSize": 21,
          }
        }
      >
        验证成功
      </Text>
    </View>
    <View
      style={
        Object {
          "marginTop": 15,
          "paddingHorizontal": 15,
        }
      }
    >
      <Text
        style={
          Object {
            "color": "#888888",
            "fontSize": 16,
          }
        }
      >
        所提交内容已成功完成验证
      </Text>
    </View>
  </View>
  <Text
    style={
      Object {
        "color": "#999",
        "margin": 10,
      }
    }
  >
    Image element
  </Text>
  <View
    style={
      Array [
        Object {
          "alignItems": "center",
          "backgroundColor": "#ffffff",
          "borderBottomColor": "#dddddd",
          "paddingVertical": 21,
        },
        undefined,
      ]
    }
  >
    <View
      style={
        Object {
          "margin": 0,
        }
      }
    >
      <Image
        source={
          Object {
            "uri": "alipay",
          }
        }
        style={
          Object {
            "height": 60,
            "width": 60,
          }
        }
      />
    </View>
    <View
      style={
        Object {
          "marginTop": 15,
          "paddingHorizontal": 15,
        }
      }
    >
      <Text
        style={
          Object {
            "color": "#000000",
            "fontSize": 21,
          }
        }
      >
        验证成功
      </Text>
    </View>
    <View
      style={
        Object {
          "marginTop": 15,
          "paddingHorizontal": 15,
        }
      }
    >
      <Text>
        所提交内容已成功完成验证
      </Text>
    </View>
  </View>
  <Text
    style={
      Object {
        "color": "#999",
        "margin": 10,
      }
    }
  >
    含 button 操作
  </Text>
  <View
    style={
      Array [
        Object {
          "alignItems": "center",
          "backgroundColor": "#ffffff",
          "borderBottomColor": "#dddddd",
          "paddingVertical": 21,
        },
        undefined,
      ]
    }
  >
    <View
      style={
        Object {
          "margin": 0,
        }
      }
    >
      <Image
        source={
          Object {
            "uri": "alipay",
          }
        }
        style={
          Object {
            "height": 60,
            "width": 60,
          }
        }
      />
    </View>
    <View
      style={
        Object {
          "marginTop": 15,
          "paddingHorizontal": 15,
        }
      }
    >
      <Text
        style={
          Object {
            "color": "#000000",
            "fontSize": 21,
          }
        }
      >
        验证成功
      </Text>
    </View>
    <View
      style={
        Object {
          "marginTop": 15,
          "paddingHorizontal": 15,
        }
      }
    >
      <Text
        style={
          Object {
            "color": "#888888",
            "fontSize": 16,
          }
        }
      >
        所提交内容已成功完成验证
      </Text>
    </View>
    <View
      style={
        Object {
          "flexDirection": "row",
          "marginTop": 15,
          "paddingHorizontal": 15,
        }
      }
    >
      <
        activeOpacity={0.4}
        disabled={false}
        onHideUnderlay={[Function]}
        onPress={[Function]}
        onPressIn={[Function]}
        onPressOut={[Function]}
        onShowUnderlay={[Function]}
        pressIn={false}
        style={
          Array [
            Object {
              "alignItems": "center",
              "borderRadius": 5,
              "borderWidth": 1,
              "justifyContent": "center",
            },
            Object {
              "height": 47,
              "paddingLeft": 15,
              "paddingRight": 15,
            },
            Object {
              "backgroundColor": "#108ee9",
              "borderColor": "#108ee9",
            },
            false,
            false,
            undefined,
            Object {
              "flex": 1,
            },
          ]
        }
        underlayColor="#0e80d2"
      >
        <View
          style={
            Object {
              "flexDirection": "row",
            }
          }
        >
          <Text
            style={
              Array [
                Object {
                  "fontSize": 18,
                },
                Object {
                  "color": "#ffffff",
                },
                false,
                false,
              ]
            }
          >
            完成
          </Text>
        </View>
      </>
    </View>
  </View>
</ScrollView>
`;
