// Jest Snapshot v1, https://goo.gl/fbAQLP

exports[`renders ./components/picker/demo/basic.tsx correctly 1`] = `
<View>
  <View
    style={
      Array [
        Object {
          "backgroundColor": "#f5f5f9",
        },
        undefined,
      ]
    }
  >
    <Text
      style={
        Object {
          "color": "#888888",
          "fontSize": 14,
          "paddingBottom": 9,
          "paddingHorizontal": 15,
          "paddingTop": 15,
        }
      }
    >
      List Children
    </Text>
    <View
      style={
        Object {
          "borderTopColor": "#eeeeee",
          "borderTopWidth": 0.5,
          "position": "relative",
        }
      }
    >
      <View
        accessibilityState={
          Object {
            "disabled": false,
          }
        }
        accessible={true}
        focusable={true}
        onClick={[Function]}
        onResponderGrant={[Function]}
        onResponderMove={[Function]}
        onResponderRelease={[Function]}
        onResponderTerminate={[Function]}
        onResponderTerminationRequest={[Function]}
        onStartShouldSetResponder={[Function]}
      >
        <View
          style={
            Array [
              Object {
                "alignItems": "center",
                "backgroundColor": "#ffffff",
                "flexDirection": "row",
                "flexGrow": 1,
                "paddingLeft": 15,
              },
              undefined,
            ]
          }
        >
          <View
            style={
              Array [
                Object {
                  "alignItems": "center",
                  "borderBottomColor": "#dddddd",
                  "borderBottomWidth": 0.5,
                  "flex": 1,
                  "flexDirection": "row",
                  "minHeight": 44,
                  "paddingRight": 15,
                  "paddingVertical": 6,
                },
                false,
                false,
              ]
            }
          >
            <Text
              numberOfLines={1}
              style={
                Object {
                  "color": "#000000",
                  "flex": 1,
                  "fontSize": 17,
                  "textAlignVertical": "center",
                }
              }
            >
              省市选择
            </Text>
            <Text
              numberOfLines={1}
              style={
                Object {
                  "color": "#888888",
                  "fontSize": 17,
                  "maxWidth": "70%",
                  "paddingLeft": 8,
                  "textAlign": "right",
                  "textAlignVertical": "center",
                }
              }
            >
              请选择
            </Text>
            <Text
              style={
                Array [
                  Object {
                    "color": "#cccccc",
                    "fontFamily": "antoutline",
                    "fontSize": 22,
                    "fontStyle": "normal",
                    "fontWeight": "normal",
                  },
                  Object {
                    "marginLeft": 8,
                    "marginTop": 3,
                  },
                ]
              }
            >
              
            </Text>
          </View>
        </View>
      </View>
      <View
        accessibilityState={
          Object {
            "disabled": false,
          }
        }
        accessible={true}
        focusable={true}
        onClick={[Function]}
        onResponderGrant={[Function]}
        onResponderMove={[Function]}
        onResponderRelease={[Function]}
        onResponderTerminate={[Function]}
        onResponderTerminationRequest={[Function]}
        onStartShouldSetResponder={[Function]}
      >
        <View
          style={
            Array [
              Object {
                "alignItems": "center",
                "backgroundColor": "#ffffff",
                "flexDirection": "row",
                "flexGrow": 1,
                "paddingLeft": 15,
              },
              undefined,
            ]
          }
        >
          <View
            style={
              Array [
                Object {
                  "alignItems": "center",
                  "borderBottomColor": "#dddddd",
                  "borderBottomWidth": 0.5,
                  "flex": 1,
                  "flexDirection": "row",
                  "minHeight": 44,
                  "paddingRight": 15,
                  "paddingVertical": 6,
                },
                false,
                false,
              ]
            }
          >
            <Text
              numberOfLines={1}
              style={
                Object {
                  "color": "#000000",
                  "flex": 1,
                  "fontSize": 17,
                  "textAlignVertical": "center",
                }
              }
            >
              省市选择(异步加载)
            </Text>
            <Text
              numberOfLines={1}
              style={
                Object {
                  "color": "#888888",
                  "fontSize": 17,
                  "maxWidth": "70%",
                  "paddingLeft": 8,
                  "textAlign": "right",
                  "textAlignVertical": "center",
                }
              }
            >
              请选择
            </Text>
            <Text
              style={
                Array [
                  Object {
                    "color": "#cccccc",
                    "fontFamily": "antoutline",
                    "fontSize": 22,
                    "fontStyle": "normal",
                    "fontWeight": "normal",
                  },
                  Object {
                    "marginLeft": 8,
                    "marginTop": 3,
                  },
                ]
              }
            >
              
            </Text>
          </View>
        </View>
      </View>
      <View
        accessible={true}
        collapsable={false}
        focusable={true}
        onClick={[Function]}
        onResponderGrant={[Function]}
        onResponderMove={[Function]}
        onResponderRelease={[Function]}
        onResponderTerminate={[Function]}
        onResponderTerminationRequest={[Function]}
        onStartShouldSetResponder={[Function]}
        style={
          Object {
            "opacity": 1,
          }
        }
      >
        <View
          style={
            Object {
              "alignItems": "center",
              "flexDirection": "row",
              "height": 36,
              "paddingLeft": 15,
            }
          }
        >
          <Text
            style={
              Object {
                "flex": 1,
              }
            }
          >
            Customized children
          </Text>
          <Text
            style={
              Object {
                "color": "#888",
                "marginRight": 15,
                "textAlign": "right",
              }
            }
          >
            请选择
          </Text>
        </View>
      </View>
      <View
        style={
          Object {
            "backgroundColor": "#eeeeee",
            "bottom": 0,
            "height": 0.5,
            "left": 0,
            "position": "absolute",
            "right": 0,
          }
        }
      />
    </View>
  </View>
  <View
    style={
      Array [
        Object {
          "backgroundColor": "#f5f5f9",
        },
        undefined,
      ]
    }
  >
    <Text
      style={
        Object {
          "color": "#888888",
          "fontSize": 14,
          "paddingBottom": 9,
          "paddingHorizontal": 15,
          "paddingTop": 15,
        }
      }
    >
      visible 控制显示/隐藏
    </Text>
    <View
      style={
        Object {
          "borderTopColor": "#eeeeee",
          "borderTopWidth": 0.5,
          "position": "relative",
        }
      }
    >
      <View
        style={
          Object {
            "alignItems": "center",
            "flexDirection": "row",
            "paddingLeft": 16,
            "paddingVertical": 5,
          }
        }
      >
        <View
          accessibilityRole="button"
          accessibilityState={
            Object {
              "disabled": false,
            }
          }
          accessible={true}
          focusable={true}
          onClick={[Function]}
          onResponderGrant={[Function]}
          onResponderMove={[Function]}
          onResponderRelease={[Function]}
          onResponderTerminate={[Function]}
          onResponderTerminationRequest={[Function]}
          onStartShouldSetResponder={[Function]}
          style={
            Array [
              Object {
                "alignItems": "center",
                "borderRadius": 5,
                "borderWidth": 1,
                "justifyContent": "center",
              },
              Object {
                "height": 47,
                "paddingLeft": 15,
                "paddingRight": 15,
              },
              Object {
                "backgroundColor": "#108ee9",
                "borderColor": "#108ee9",
              },
              false,
              false,
              undefined,
              undefined,
            ]
          }
        >
          <View
            style={
              Object {
                "flexDirection": "row",
              }
            }
          >
            <Text
              style={
                Array [
                  Object {
                    "fontSize": 18,
                  },
                  Object {
                    "color": "#ffffff",
                  },
                  false,
                  false,
                ]
              }
            >
              选择
            </Text>
          </View>
        </View>
        <Text>
           未选择
        </Text>
      </View>
      <View
        style={
          Object {
            "backgroundColor": "#eeeeee",
            "bottom": 0,
            "height": 0.5,
            "left": 0,
            "position": "absolute",
            "right": 0,
          }
        }
      />
    </View>
  </View>
</View>
`;
