// Jest Snapshot v1, https://goo.gl/fbAQLP

exports[`renders ./components/card/demo/basic.tsx correctly 1`] = `
<View
  style={
    Object {
      "paddingTop": 30,
    }
  }
>
  <View
    style={
      Array [
        Object {
          "marginLeft": 15,
          "marginRight": 15,
        },
        undefined,
      ]
    }
  >
    <View
      style={
        Array [
          Object {
            "backgroundColor": "#ffffff",
            "borderColor": "#dddddd",
            "borderRadius": 5,
            "borderWidth": 1,
            "flexDirection": "column",
            "paddingBottom": 6,
          },
          Object {},
          Object {},
        ]
      }
    >
      <View
        s={
          Object {
            "body": Object {
              "borderColor": "#dddddd",
              "borderTopWidth": 1,
              "flexGrow": 1,
              "minHeight": 48,
              "paddingVertical": 9,
            },
            "card": Object {
              "backgroundColor": "#ffffff",
              "borderColor": "#dddddd",
              "borderRadius": 5,
              "borderWidth": 1,
              "flexDirection": "column",
              "paddingBottom": 6,
            },
            "footerContent": Object {
              "color": "#888888",
              "flex": 1,
              "fontSize": 14,
            },
            "footerExtra": Object {
              "color": "#888888",
              "fontSize": 14,
              "textAlign": "right",
            },
            "footerWrap": Object {
              "flexDirection": "row",
              "paddingHorizontal": 15,
            },
            "full": Object {
              "borderLeftWidth": 0,
              "borderRadius": 0,
              "borderRightWidth": 0,
            },
            "headerContent": Object {
              "color": "#000000",
              "flex": 1,
              "fontSize": 17,
            },
            "headerContentWrap": Object {
              "flex": 1,
            },
            "headerExtra": Object {
              "color": "#888888",
              "flex": 1,
              "fontSize": 17,
              "textAlign": "right",
            },
            "headerExtraWrap": Object {
              "flex": 1,
            },
            "headerImage": Object {
              "marginRight": 5,
            },
            "headerTitle": Object {
              "alignItems": "center",
              "flex": 1,
              "flexDirection": "row",
            },
            "headerWrap": Object {
              "alignItems": "center",
              "flexDirection": "row",
              "marginLeft": 15,
              "paddingRight": 15,
              "paddingVertical": 6,
            },
          }
        }
        style={
          Array [
            Object {
              "alignItems": "center",
              "flexDirection": "row",
              "marginLeft": 15,
              "paddingRight": 15,
              "paddingVertical": 6,
            },
            Object {},
          ]
        }
      >
        <View
          style={
            Array [
              Object {
                "alignItems": "center",
                "flex": 1,
                "flexDirection": "row",
              },
            ]
          }
        >
          <Image
            source={
              Object {
                "uri": "https://gw.alipayobjects.com/zos/rmsportal/MRhHctKOineMbKAZslML.jpg",
              }
            }
            style={
              Array [
                Object {
                  "marginRight": 5,
                },
                Object {
                  "height": 30,
                  "width": 30,
                },
              ]
            }
          />
          <Text
            style={
              Object {
                "color": "#000000",
                "flex": 1,
                "fontSize": 17,
              }
            }
          >
            This is title
          </Text>
        </View>
        <Text
          style={
            Array [
              Object {
                "color": "#888888",
                "flex": 1,
                "fontSize": 17,
                "textAlign": "right",
              },
            ]
          }
        >
          this is extra
        </Text>
      </View>
      <View
        s={
          Object {
            "body": Object {
              "borderColor": "#dddddd",
              "borderTopWidth": 1,
              "flexGrow": 1,
              "minHeight": 48,
              "paddingVertical": 9,
            },
            "card": Object {
              "backgroundColor": "#ffffff",
              "borderColor": "#dddddd",
              "borderRadius": 5,
              "borderWidth": 1,
              "flexDirection": "column",
              "paddingBottom": 6,
            },
            "footerContent": Object {
              "color": "#888888",
              "flex": 1,
              "fontSize": 14,
            },
            "footerExtra": Object {
              "color": "#888888",
              "fontSize": 14,
              "textAlign": "right",
            },
            "footerWrap": Object {
              "flexDirection": "row",
              "paddingHorizontal": 15,
            },
            "full": Object {
              "borderLeftWidth": 0,
              "borderRadius": 0,
              "borderRightWidth": 0,
            },
            "headerContent": Object {
              "color": "#000000",
              "flex": 1,
              "fontSize": 17,
            },
            "headerContentWrap": Object {
              "flex": 1,
            },
            "headerExtra": Object {
              "color": "#888888",
              "flex": 1,
              "fontSize": 17,
              "textAlign": "right",
            },
            "headerExtraWrap": Object {
              "flex": 1,
            },
            "headerImage": Object {
              "marginRight": 5,
            },
            "headerTitle": Object {
              "alignItems": "center",
              "flex": 1,
              "flexDirection": "row",
            },
            "headerWrap": Object {
              "alignItems": "center",
              "flexDirection": "row",
              "marginLeft": 15,
              "paddingRight": 15,
              "paddingVertical": 6,
            },
          }
        }
        style={
          Array [
            Object {
              "borderColor": "#dddddd",
              "borderTopWidth": 1,
              "flexGrow": 1,
              "minHeight": 48,
              "paddingVertical": 9,
            },
            Object {},
          ]
        }
      >
        <View
          style={
            Object {
              "height": 42,
            }
          }
        >
          <Text
            style={
              Object {
                "marginLeft": 16,
              }
            }
          >
            Card Content
          </Text>
        </View>
      </View>
      <View
        s={
          Object {
            "body": Object {
              "borderColor": "#dddddd",
              "borderTopWidth": 1,
              "flexGrow": 1,
              "minHeight": 48,
              "paddingVertical": 9,
            },
            "card": Object {
              "backgroundColor": "#ffffff",
              "borderColor": "#dddddd",
              "borderRadius": 5,
              "borderWidth": 1,
              "flexDirection": "column",
              "paddingBottom": 6,
            },
            "footerContent": Object {
              "color": "#888888",
              "flex": 1,
              "fontSize": 14,
            },
            "footerExtra": Object {
              "color": "#888888",
              "fontSize": 14,
              "textAlign": "right",
            },
            "footerWrap": Object {
              "flexDirection": "row",
              "paddingHorizontal": 15,
            },
            "full": Object {
              "borderLeftWidth": 0,
              "borderRadius": 0,
              "borderRightWidth": 0,
            },
            "headerContent": Object {
              "color": "#000000",
              "flex": 1,
              "fontSize": 17,
            },
            "headerContentWrap": Object {
              "flex": 1,
            },
            "headerExtra": Object {
              "color": "#888888",
              "flex": 1,
              "fontSize": 17,
              "textAlign": "right",
            },
            "headerExtraWrap": Object {
              "flex": 1,
            },
            "headerImage": Object {
              "marginRight": 5,
            },
            "headerTitle": Object {
              "alignItems": "center",
              "flex": 1,
              "flexDirection": "row",
            },
            "headerWrap": Object {
              "alignItems": "center",
              "flexDirection": "row",
              "marginLeft": 15,
              "paddingRight": 15,
              "paddingVertical": 6,
            },
          }
        }
        style={
          Array [
            Object {
              "flexDirection": "row",
              "paddingHorizontal": 15,
            },
            Object {},
          ]
        }
      >
        <Text
          style={
            Object {
              "color": "#888888",
              "flex": 1,
              "fontSize": 14,
            }
          }
        >
          footer content
        </Text>
        <Text
          style={
            Array [
              Object {
                "color": "#888888",
                "fontSize": 14,
                "textAlign": "right",
              },
            ]
          }
        >
          footer extra content
        </Text>
      </View>
    </View>
  </View>
  <View
    style={
      Array [
        Object {
          "height": 15,
        },
        undefined,
      ]
    }
  />
  <View
    style={
      Array [
        Object {
          "backgroundColor": "#ffffff",
          "borderColor": "#dddddd",
          "borderRadius": 5,
          "borderWidth": 1,
          "flexDirection": "column",
          "paddingBottom": 6,
        },
        Object {
          "borderLeftWidth": 0,
          "borderRadius": 0,
          "borderRightWidth": 0,
        },
        Object {},
      ]
    }
  >
    <View
      s={
        Object {
          "body": Object {
            "borderColor": "#dddddd",
            "borderTopWidth": 1,
            "flexGrow": 1,
            "minHeight": 48,
            "paddingVertical": 9,
          },
          "card": Object {
            "backgroundColor": "#ffffff",
            "borderColor": "#dddddd",
            "borderRadius": 5,
            "borderWidth": 1,
            "flexDirection": "column",
            "paddingBottom": 6,
          },
          "footerContent": Object {
            "color": "#888888",
            "flex": 1,
            "fontSize": 14,
          },
          "footerExtra": Object {
            "color": "#888888",
            "fontSize": 14,
            "textAlign": "right",
          },
          "footerWrap": Object {
            "flexDirection": "row",
            "paddingHorizontal": 15,
          },
          "full": Object {
            "borderLeftWidth": 0,
            "borderRadius": 0,
            "borderRightWidth": 0,
          },
          "headerContent": Object {
            "color": "#000000",
            "flex": 1,
            "fontSize": 17,
          },
          "headerContentWrap": Object {
            "flex": 1,
          },
          "headerExtra": Object {
            "color": "#888888",
            "flex": 1,
            "fontSize": 17,
            "textAlign": "right",
          },
          "headerExtraWrap": Object {
            "flex": 1,
          },
          "headerImage": Object {
            "marginRight": 5,
          },
          "headerTitle": Object {
            "alignItems": "center",
            "flex": 1,
            "flexDirection": "row",
          },
          "headerWrap": Object {
            "alignItems": "center",
            "flexDirection": "row",
            "marginLeft": 15,
            "paddingRight": 15,
            "paddingVertical": 6,
          },
        }
      }
      style={
        Array [
          Object {
            "alignItems": "center",
            "flexDirection": "row",
            "marginLeft": 15,
            "paddingRight": 15,
            "paddingVertical": 6,
          },
          Object {},
        ]
      }
    >
      <View
        style={
          Array [
            Object {
              "alignItems": "center",
              "flex": 1,
              "flexDirection": "row",
            },
          ]
        }
      >
        <Image
          source={
            Object {
              "uri": "https://gw.alipayobjects.com/zos/rmsportal/MRhHctKOineMbKAZslML.jpg",
            }
          }
          style={
            Array [
              Object {
                "marginRight": 5,
              },
              Object {
                "height": 30,
                "width": 30,
              },
            ]
          }
        />
        <Text
          style={
            Object {
              "color": "#000000",
              "flex": 1,
              "fontSize": 17,
            }
          }
        >
          Full Column
        </Text>
      </View>
      <Text
        style={
          Array [
            Object {
              "color": "#888888",
              "flex": 1,
              "fontSize": 17,
              "textAlign": "right",
            },
          ]
        }
      >
        this is extra
      </Text>
    </View>
    <View
      s={
        Object {
          "body": Object {
            "borderColor": "#dddddd",
            "borderTopWidth": 1,
            "flexGrow": 1,
            "minHeight": 48,
            "paddingVertical": 9,
          },
          "card": Object {
            "backgroundColor": "#ffffff",
            "borderColor": "#dddddd",
            "borderRadius": 5,
            "borderWidth": 1,
            "flexDirection": "column",
            "paddingBottom": 6,
          },
          "footerContent": Object {
            "color": "#888888",
            "flex": 1,
            "fontSize": 14,
          },
          "footerExtra": Object {
            "color": "#888888",
            "fontSize": 14,
            "textAlign": "right",
          },
          "footerWrap": Object {
            "flexDirection": "row",
            "paddingHorizontal": 15,
          },
          "full": Object {
            "borderLeftWidth": 0,
            "borderRadius": 0,
            "borderRightWidth": 0,
          },
          "headerContent": Object {
            "color": "#000000",
            "flex": 1,
            "fontSize": 17,
          },
          "headerContentWrap": Object {
            "flex": 1,
          },
          "headerExtra": Object {
            "color": "#888888",
            "flex": 1,
            "fontSize": 17,
            "textAlign": "right",
          },
          "headerExtraWrap": Object {
            "flex": 1,
          },
          "headerImage": Object {
            "marginRight": 5,
          },
          "headerTitle": Object {
            "alignItems": "center",
            "flex": 1,
            "flexDirection": "row",
          },
          "headerWrap": Object {
            "alignItems": "center",
            "flexDirection": "row",
            "marginLeft": 15,
            "paddingRight": 15,
            "paddingVertical": 6,
          },
        }
      }
      style={
        Array [
          Object {
            "borderColor": "#dddddd",
            "borderTopWidth": 1,
            "flexGrow": 1,
            "minHeight": 48,
            "paddingVertical": 9,
          },
          Object {},
        ]
      }
    >
      <View
        style={
          Object {
            "height": 42,
          }
        }
      >
        <Text
          style={
            Object {
              "marginLeft": 16,
            }
          }
        >
          Card Content
        </Text>
      </View>
    </View>
    <View
      s={
        Object {
          "body": Object {
            "borderColor": "#dddddd",
            "borderTopWidth": 1,
            "flexGrow": 1,
            "minHeight": 48,
            "paddingVertical": 9,
          },
          "card": Object {
            "backgroundColor": "#ffffff",
            "borderColor": "#dddddd",
            "borderRadius": 5,
            "borderWidth": 1,
            "flexDirection": "column",
            "paddingBottom": 6,
          },
          "footerContent": Object {
            "color": "#888888",
            "flex": 1,
            "fontSize": 14,
          },
          "footerExtra": Object {
            "color": "#888888",
            "fontSize": 14,
            "textAlign": "right",
          },
          "footerWrap": Object {
            "flexDirection": "row",
            "paddingHorizontal": 15,
          },
          "full": Object {
            "borderLeftWidth": 0,
            "borderRadius": 0,
            "borderRightWidth": 0,
          },
          "headerContent": Object {
            "color": "#000000",
            "flex": 1,
            "fontSize": 17,
          },
          "headerContentWrap": Object {
            "flex": 1,
          },
          "headerExtra": Object {
            "color": "#888888",
            "flex": 1,
            "fontSize": 17,
            "textAlign": "right",
          },
          "headerExtraWrap": Object {
            "flex": 1,
          },
          "headerImage": Object {
            "marginRight": 5,
          },
          "headerTitle": Object {
            "alignItems": "center",
            "flex": 1,
            "flexDirection": "row",
          },
          "headerWrap": Object {
            "alignItems": "center",
            "flexDirection": "row",
            "marginLeft": 15,
            "paddingRight": 15,
            "paddingVertical": 6,
          },
        }
      }
      style={
        Array [
          Object {
            "flexDirection": "row",
            "paddingHorizontal": 15,
          },
          Object {},
        ]
      }
    >
      <Text
        style={
          Object {
            "color": "#888888",
            "flex": 1,
            "fontSize": 14,
          }
        }
      >
        footer content
      </Text>
      <Text
        style={
          Array [
            Object {
              "color": "#888888",
              "fontSize": 14,
              "textAlign": "right",
            },
          ]
        }
      >
        footer extra content
      </Text>
    </View>
  </View>
</View>
`;
