// Jest Snapshot v1, https://goo.gl/fbAQLP

exports[`renders ./components/toast/demo/basic.tsx correctly 1`] = `
<View
  style={
    Array [
      Object {
        "marginLeft": 15,
        "marginRight": 15,
      },
      Object {
        "marginTop": 80,
      },
    ]
  }
>
  <View
    style={
      Array [
        Object {
          "height": 9,
        },
        undefined,
      ]
    }
  />
  <
    activeOpacity={0.4}
    disabled={false}
    onHideUnderlay={[Function]}
    onPress={[Function]}
    onPressIn={[Function]}
    onPressOut={[Function]}
    onShowUnderlay={[Function]}
    pressIn={false}
    style={
      Array [
        Object {
          "alignItems": "center",
          "borderRadius": 5,
          "borderWidth": 1,
          "justifyContent": "center",
        },
        Object {
          "height": 47,
          "paddingLeft": 15,
          "paddingRight": 15,
        },
        Object {
          "backgroundColor": "#ffffff",
          "borderColor": "#dddddd",
        },
        false,
        false,
        undefined,
        undefined,
      ]
    }
    underlayColor="#dddddd"
  >
    <View
      style={
        Object {
          "flexDirection": "row",
        }
      }
    >
      <Text
        style={
          Array [
            Object {
              "fontSize": 18,
            },
            Object {
              "color": "#000000",
            },
            false,
            false,
          ]
        }
      >
        Without mask
      </Text>
    </View>
  </>
  <View
    style={
      Array [
        Object {
          "height": 9,
        },
        undefined,
      ]
    }
  />
  <
    activeOpacity={0.4}
    disabled={false}
    onHideUnderlay={[Function]}
    onPress={[Function]}
    onPressIn={[Function]}
    onPressOut={[Function]}
    onShowUnderlay={[Function]}
    pressIn={false}
    style={
      Array [
        Object {
          "alignItems": "center",
          "borderRadius": 5,
          "borderWidth": 1,
          "justifyContent": "center",
        },
        Object {
          "height": 47,
          "paddingLeft": 15,
          "paddingRight": 15,
        },
        Object {
          "backgroundColor": "#ffffff",
          "borderColor": "#dddddd",
        },
        false,
        false,
        undefined,
        undefined,
      ]
    }
    underlayColor="#dddddd"
  >
    <View
      style={
        Object {
          "flexDirection": "row",
        }
      }
    >
      <Text
        style={
          Array [
            Object {
              "fontSize": 18,
            },
            Object {
              "color": "#000000",
            },
            false,
            false,
          ]
        }
      >
        Text toast
      </Text>
    </View>
  </>
  <View
    style={
      Array [
        Object {
          "height": 9,
        },
        undefined,
      ]
    }
  />
  <
    activeOpacity={0.4}
    disabled={false}
    onHideUnderlay={[Function]}
    onPress={[Function]}
    onPressIn={[Function]}
    onPressOut={[Function]}
    onShowUnderlay={[Function]}
    pressIn={false}
    style={
      Array [
        Object {
          "alignItems": "center",
          "borderRadius": 5,
          "borderWidth": 1,
          "justifyContent": "center",
        },
        Object {
          "height": 47,
          "paddingLeft": 15,
          "paddingRight": 15,
        },
        Object {
          "backgroundColor": "#ffffff",
          "borderColor": "#dddddd",
        },
        false,
        false,
        undefined,
        undefined,
      ]
    }
    underlayColor="#dddddd"
  >
    <View
      style={
        Object {
          "flexDirection": "row",
        }
      }
    >
      <Text
        style={
          Array [
            Object {
              "fontSize": 18,
            },
            Object {
              "color": "#000000",
            },
            false,
            false,
          ]
        }
      >
        Success toast
      </Text>
    </View>
  </>
  <View
    style={
      Array [
        Object {
          "height": 9,
        },
        undefined,
      ]
    }
  />
  <
    activeOpacity={0.4}
    disabled={false}
    onHideUnderlay={[Function]}
    onPress={[Function]}
    onPressIn={[Function]}
    onPressOut={[Function]}
    onShowUnderlay={[Function]}
    pressIn={false}
    style={
      Array [
        Object {
          "alignItems": "center",
          "borderRadius": 5,
          "borderWidth": 1,
          "justifyContent": "center",
        },
        Object {
          "height": 47,
          "paddingLeft": 15,
          "paddingRight": 15,
        },
        Object {
          "backgroundColor": "#ffffff",
          "borderColor": "#dddddd",
        },
        false,
        false,
        undefined,
        undefined,
      ]
    }
    underlayColor="#dddddd"
  >
    <View
      style={
        Object {
          "flexDirection": "row",
        }
      }
    >
      <Text
        style={
          Array [
            Object {
              "fontSize": 18,
            },
            Object {
              "color": "#000000",
            },
            false,
            false,
          ]
        }
      >
        Failed toast
      </Text>
    </View>
  </>
  <View
    style={
      Array [
        Object {
          "height": 9,
        },
        undefined,
      ]
    }
  />
  <
    activeOpacity={0.4}
    disabled={false}
    onHideUnderlay={[Function]}
    onPress={[Function]}
    onPressIn={[Function]}
    onPressOut={[Function]}
    onShowUnderlay={[Function]}
    pressIn={false}
    style={
      Array [
        Object {
          "alignItems": "center",
          "borderRadius": 5,
          "borderWidth": 1,
          "justifyContent": "center",
        },
        Object {
          "height": 47,
          "paddingLeft": 15,
          "paddingRight": 15,
        },
        Object {
          "backgroundColor": "#ffffff",
          "borderColor": "#dddddd",
        },
        false,
        false,
        undefined,
        undefined,
      ]
    }
    underlayColor="#dddddd"
  >
    <View
      style={
        Object {
          "flexDirection": "row",
        }
      }
    >
      <Text
        style={
          Array [
            Object {
              "fontSize": 18,
            },
            Object {
              "color": "#000000",
            },
            false,
            false,
          ]
        }
      >
        Network failure toast
      </Text>
    </View>
  </>
  <View
    style={
      Array [
        Object {
          "height": 9,
        },
        undefined,
      ]
    }
  />
  <
    activeOpacity={0.4}
    disabled={false}
    onHideUnderlay={[Function]}
    onPress={[Function]}
    onPressIn={[Function]}
    onPressOut={[Function]}
    onShowUnderlay={[Function]}
    pressIn={false}
    style={
      Array [
        Object {
          "alignItems": "center",
          "borderRadius": 5,
          "borderWidth": 1,
          "justifyContent": "center",
        },
        Object {
          "height": 47,
          "paddingLeft": 15,
          "paddingRight": 15,
        },
        Object {
          "backgroundColor": "#ffffff",
          "borderColor": "#dddddd",
        },
        false,
        false,
        undefined,
        undefined,
      ]
    }
    underlayColor="#dddddd"
  >
    <View
      style={
        Object {
          "flexDirection": "row",
        }
      }
    >
      <Text
        style={
          Array [
            Object {
              "fontSize": 18,
            },
            Object {
              "color": "#000000",
            },
            false,
            false,
          ]
        }
      >
        Loading toast
      </Text>
    </View>
  </>
  <View
    style={
      Array [
        Object {
          "height": 9,
        },
        undefined,
      ]
    }
  />
  <
    activeOpacity={0.4}
    disabled={false}
    onHideUnderlay={[Function]}
    onPress={[Function]}
    onPressIn={[Function]}
    onPressOut={[Function]}
    onShowUnderlay={[Function]}
    pressIn={false}
    style={
      Array [
        Object {
          "alignItems": "center",
          "borderRadius": 5,
          "borderWidth": 1,
          "justifyContent": "center",
        },
        Object {
          "height": 47,
          "paddingLeft": 15,
          "paddingRight": 15,
        },
        Object {
          "backgroundColor": "#ffffff",
          "borderColor": "#dddddd",
        },
        false,
        false,
        undefined,
        undefined,
      ]
    }
    underlayColor="#dddddd"
  >
    <View
      style={
        Object {
          "flexDirection": "row",
        }
      }
    >
      <Text
        style={
          Array [
            Object {
              "fontSize": 18,
            },
            Object {
              "color": "#000000",
            },
            false,
            false,
          ]
        }
      >
        Toast width duration = 0
      </Text>
    </View>
  </>
  <View
    style={
      Array [
        Object {
          "height": 9,
        },
        undefined,
      ]
    }
  />
</View>
`;
