// Jest Snapshot v1, https://goo.gl/fbAQLP

exports[`renders ./components/wing-blank/demo/basic.tsx correctly 1`] = `
<View>
  <View
    style={
      Array [
        Object {
          "height": 9,
        },
        undefined,
      ]
    }
  />
  <View
    style={
      Array [
        Object {
          "marginLeft": 15,
          "marginRight": 15,
        },
        undefined,
      ]
    }
  >
    <View
      style={
        Object {
          "alignItems": "center",
          "backgroundColor": "#fff",
          "height": 30,
          "justifyContent": "center",
        }
      }
    >
      <Text
        style={
          Object {
            "color": "#bbb",
          }
        }
      >
        Block
      </Text>
    </View>
  </View>
  <View
    style={
      Array [
        Object {
          "height": 15,
        },
        undefined,
      ]
    }
  />
  <View
    style={
      Array [
        Object {
          "marginLeft": 8,
          "marginRight": 8,
        },
        undefined,
      ]
    }
  >
    <View
      style={
        Object {
          "alignItems": "center",
          "backgroundColor": "#fff",
          "height": 30,
          "justifyContent": "center",
        }
      }
    >
      <Text
        style={
          Object {
            "color": "#bbb",
          }
        }
      >
        Block
      </Text>
    </View>
  </View>
  <View
    style={
      Array [
        Object {
          "height": 15,
        },
        undefined,
      ]
    }
  />
  <View
    style={
      Array [
        Object {
          "marginLeft": 5,
          "marginRight": 5,
        },
        undefined,
      ]
    }
  >
    <View
      style={
        Object {
          "alignItems": "center",
          "backgroundColor": "#fff",
          "height": 30,
          "justifyContent": "center",
        }
      }
    >
      <Text
        style={
          Object {
            "color": "#bbb",
          }
        }
      >
        Block
      </Text>
    </View>
  </View>
</View>
`;
