// Jest Snapshot v1, https://goo.gl/fbAQLP

exports[`renders ./components/checkbox/demo/basic.tsx correctly 1`] = `
<View>
  <View
    style={
      Object {
        "padding": 10,
      }
    }
  >
    <View
      accessible={true}
      focusable={true}
      onClick={[Function]}
      onResponderGrant={[Function]}
      onResponderMove={[Function]}
      onResponderRelease={[Function]}
      onResponderTerminate={[Function]}
      onResponderTerminationRequest={[Function]}
      onStartShouldSetResponder={[Function]}
      style={
        Array [
          Object {
            "alignItems": "center",
            "flexDirection": "row",
          },
        ]
      }
    >
      <Text
        style={
          Array [
            Object {
              "color": "#108ee9",
              "fontFamily": "antoutline",
              "fontSize": 22,
              "fontStyle": "normal",
              "fontWeight": "normal",
            },
            Array [
              Object {
                "height": 21,
                "width": 21,
              },
              Object {
                "color": "#f00",
              },
            ],
          ]
        }
      >
        
      </Text>
    </View>
    <View
      style={
        Array [
          Object {
            "height": 9,
          },
          undefined,
        ]
      }
    />
    <View
      accessible={true}
      focusable={true}
      onClick={[Function]}
      onResponderGrant={[Function]}
      onResponderMove={[Function]}
      onResponderRelease={[Function]}
      onResponderTerminate={[Function]}
      onResponderTerminationRequest={[Function]}
      onStartShouldSetResponder={[Function]}
      style={
        Array [
          Object {
            "alignItems": "center",
            "flexDirection": "row",
          },
        ]
      }
    >
      <Text
        style={
          Array [
            Object {
              "color": "#108ee9",
              "fontFamily": "antoutline",
              "fontSize": 22,
              "fontStyle": "normal",
              "fontWeight": "normal",
            },
            Array [
              Object {
                "height": 21,
                "width": 21,
              },
              undefined,
            ],
          ]
        }
      >
        
      </Text>
      <Text
        style={
          Object {
            "marginLeft": 8,
          }
        }
      >
        Checkbox
      </Text>
    </View>
    <View
      style={
        Array [
          Object {
            "height": 9,
          },
          undefined,
        ]
      }
    />
    <View
      accessible={true}
      focusable={true}
      onClick={[Function]}
      onResponderGrant={[Function]}
      onResponderMove={[Function]}
      onResponderRelease={[Function]}
      onResponderTerminate={[Function]}
      onResponderTerminationRequest={[Function]}
      onStartShouldSetResponder={[Function]}
      style={
        Array [
          Object {
            "alignItems": "center",
            "flexDirection": "row",
          },
        ]
      }
    >
      <Text
        style={
          Array [
            Object {
              "color": "#cccccc",
              "fontFamily": "antoutline",
              "fontSize": 22,
              "fontStyle": "normal",
              "fontWeight": "normal",
            },
            Array [
              Object {
                "height": 21,
                "width": 21,
              },
              undefined,
            ],
          ]
        }
      >
        
      </Text>
    </View>
    <View
      style={
        Array [
          Object {
            "height": 9,
          },
          undefined,
        ]
      }
    />
    <View
      accessible={true}
      focusable={true}
      onClick={[Function]}
      onResponderGrant={[Function]}
      onResponderMove={[Function]}
      onResponderRelease={[Function]}
      onResponderTerminate={[Function]}
      onResponderTerminationRequest={[Function]}
      onStartShouldSetResponder={[Function]}
      style={
        Array [
          Object {
            "alignItems": "center",
            "flexDirection": "row",
          },
        ]
      }
    >
      <Text
        style={
          Array [
            Object {
              "color": "#cccccc",
              "fontFamily": "antoutline",
              "fontSize": 22,
              "fontStyle": "normal",
              "fontWeight": "normal",
            },
            Array [
              Object {
                "height": 21,
                "width": 21,
              },
              undefined,
            ],
          ]
        }
      >
        
      </Text>
    </View>
  </View>
  <View
    style={
      Array [
        Object {
          "height": 9,
        },
        undefined,
      ]
    }
  />
  <View
    accessible={true}
    focusable={true}
    onClick={[Function]}
    onResponderGrant={[Function]}
    onResponderMove={[Function]}
    onResponderRelease={[Function]}
    onResponderTerminate={[Function]}
    onResponderTerminationRequest={[Function]}
    onStartShouldSetResponder={[Function]}
    style={
      Array [
        Object {
          "alignItems": "center",
          "flexDirection": "row",
        },
        undefined,
      ]
    }
  >
    <View
      accessible={true}
      focusable={true}
      onClick={[Function]}
      onResponderGrant={[Function]}
      onResponderMove={[Function]}
      onResponderRelease={[Function]}
      onResponderTerminate={[Function]}
      onResponderTerminationRequest={[Function]}
      onStartShouldSetResponder={[Function]}
      style={
        Array [
          Object {
            "alignItems": "center",
            "flexDirection": "row",
          },
        ]
      }
    >
      <Text
        style={
          Array [
            Object {
              "color": "#108ee9",
              "fontFamily": "antoutline",
              "fontSize": 22,
              "fontStyle": "normal",
              "fontWeight": "normal",
            },
            Array [
              Object {
                "height": 21,
                "width": 21,
              },
              Array [
                Object {
                  "marginLeft": 15,
                  "marginRight": 8,
                },
                undefined,
              ],
            ],
          ]
        }
      >
        
      </Text>
    </View>
    <View
      style={
        Object {
          "flex": 1,
        }
      }
    >
      <Text>
        Agree agreement agreement agreement agreement agreement agreement agreement
      </Text>
    </View>
  </View>
  <View
    style={
      Array [
        Object {
          "height": 9,
        },
        undefined,
      ]
    }
  />
  <View
    accessible={true}
    focusable={true}
    onClick={[Function]}
    onResponderGrant={[Function]}
    onResponderMove={[Function]}
    onResponderRelease={[Function]}
    onResponderTerminate={[Function]}
    onResponderTerminationRequest={[Function]}
    onStartShouldSetResponder={[Function]}
    style={
      Array [
        Object {
          "alignItems": "center",
          "flexDirection": "row",
        },
        undefined,
      ]
    }
  >
    <View
      accessible={true}
      focusable={true}
      onClick={[Function]}
      onResponderGrant={[Function]}
      onResponderMove={[Function]}
      onResponderRelease={[Function]}
      onResponderTerminate={[Function]}
      onResponderTerminationRequest={[Function]}
      onStartShouldSetResponder={[Function]}
      style={
        Array [
          Object {
            "alignItems": "center",
            "flexDirection": "row",
          },
        ]
      }
    >
      <Text
        style={
          Array [
            Object {
              "color": "#108ee9",
              "fontFamily": "antoutline",
              "fontSize": 22,
              "fontStyle": "normal",
              "fontWeight": "normal",
            },
            Array [
              Object {
                "height": 21,
                "width": 21,
              },
              Array [
                Object {
                  "marginLeft": 15,
                  "marginRight": 8,
                },
                Object {
                  "color": "#f00",
                },
              ],
            ],
          ]
        }
      >
        
      </Text>
    </View>
    <View
      style={
        Object {
          "flex": 1,
        }
      }
    >
      <Text>
        Agree agreement
      </Text>
    </View>
  </View>
  <View
    style={
      Array [
        Object {
          "height": 9,
        },
        undefined,
      ]
    }
  />
  <View
    accessible={true}
    focusable={true}
    onClick={[Function]}
    onResponderGrant={[Function]}
    onResponderMove={[Function]}
    onResponderRelease={[Function]}
    onResponderTerminate={[Function]}
    onResponderTerminationRequest={[Function]}
    onStartShouldSetResponder={[Function]}
    style={
      Array [
        Object {
          "alignItems": "center",
          "flexDirection": "row",
        },
        undefined,
      ]
    }
  >
    <View
      accessible={true}
      focusable={true}
      onClick={[Function]}
      onResponderGrant={[Function]}
      onResponderMove={[Function]}
      onResponderRelease={[Function]}
      onResponderTerminate={[Function]}
      onResponderTerminationRequest={[Function]}
      onStartShouldSetResponder={[Function]}
      style={
        Array [
          Object {
            "alignItems": "center",
            "flexDirection": "row",
          },
        ]
      }
    >
      <Text
        style={
          Array [
            Object {
              "color": "#cccccc",
              "fontFamily": "antoutline",
              "fontSize": 22,
              "fontStyle": "normal",
              "fontWeight": "normal",
            },
            Array [
              Object {
                "height": 21,
                "width": 21,
              },
              Array [
                Object {
                  "marginLeft": 15,
                  "marginRight": 8,
                },
                undefined,
              ],
            ],
          ]
        }
      >
        
      </Text>
    </View>
    <View
      style={
        Object {
          "flex": 1,
        }
      }
    >
      <Text>
        Not selected. Not editable
      </Text>
    </View>
  </View>
  <View
    style={
      Array [
        Object {
          "height": 9,
        },
        undefined,
      ]
    }
  />
  <View
    accessible={true}
    focusable={true}
    onClick={[Function]}
    onResponderGrant={[Function]}
    onResponderMove={[Function]}
    onResponderRelease={[Function]}
    onResponderTerminate={[Function]}
    onResponderTerminationRequest={[Function]}
    onStartShouldSetResponder={[Function]}
    style={
      Array [
        Object {
          "alignItems": "center",
          "flexDirection": "row",
        },
        undefined,
      ]
    }
  >
    <View
      accessible={true}
      focusable={true}
      onClick={[Function]}
      onResponderGrant={[Function]}
      onResponderMove={[Function]}
      onResponderRelease={[Function]}
      onResponderTerminate={[Function]}
      onResponderTerminationRequest={[Function]}
      onStartShouldSetResponder={[Function]}
      style={
        Array [
          Object {
            "alignItems": "center",
            "flexDirection": "row",
          },
        ]
      }
    >
      <Text
        style={
          Array [
            Object {
              "color": "#cccccc",
              "fontFamily": "antoutline",
              "fontSize": 22,
              "fontStyle": "normal",
              "fontWeight": "normal",
            },
            Array [
              Object {
                "height": 21,
                "width": 21,
              },
              Array [
                Object {
                  "marginLeft": 15,
                  "marginRight": 8,
                },
                undefined,
              ],
            ],
          ]
        }
      >
        
      </Text>
    </View>
    <View
      style={
        Object {
          "flex": 1,
        }
      }
    >
      <Text>
        Force selected. Not editable
      </Text>
    </View>
  </View>
  <View
    style={
      Object {
        "marginTop": 12,
      }
    }
  >
    <View
      style={
        Object {
          "backgroundColor": "#ffffff",
          "borderTopColor": "#dddddd",
          "borderTopWidth": 0.5,
        }
      }
    >
      <Text
        style={
          Object {
            "marginTop": 12,
          }
        }
      >
        Multiple options
      </Text>
      <View
        accessible={true}
        focusable={true}
        onClick={[Function]}
        onResponderGrant={[Function]}
        onResponderMove={[Function]}
        onResponderRelease={[Function]}
        onResponderTerminate={[Function]}
        onResponderTerminationRequest={[Function]}
        onStartShouldSetResponder={[Function]}
      >
        <View
          style={
            Array [
              Object {
                "alignItems": "center",
                "backgroundColor": "#ffffff",
                "flexDirection": "row",
                "flexGrow": 1,
                "paddingLeft": 15,
              },
              undefined,
            ]
          }
        >
          <View
            accessible={true}
            focusable={true}
            onClick={[Function]}
            onResponderGrant={[Function]}
            onResponderMove={[Function]}
            onResponderRelease={[Function]}
            onResponderTerminate={[Function]}
            onResponderTerminationRequest={[Function]}
            onStartShouldSetResponder={[Function]}
            style={
              Array [
                Object {
                  "alignItems": "center",
                  "flexDirection": "row",
                },
              ]
            }
          >
            <Text
              style={
                Array [
                  Object {
                    "color": "#108ee9",
                    "fontFamily": "antoutline",
                    "fontSize": 22,
                    "fontStyle": "normal",
                    "fontWeight": "normal",
                  },
                  Array [
                    Object {
                      "height": 21,
                      "width": 21,
                    },
                    Array [
                      Object {
                        "alignSelf": "center",
                        "marginRight": 8,
                      },
                      undefined,
                    ],
                  ],
                ]
              }
            >
              
            </Text>
          </View>
          <View
            style={
              Array [
                Object {
                  "alignItems": "center",
                  "borderBottomColor": "#dddddd",
                  "borderBottomWidth": 0.5,
                  "flex": 1,
                  "flexDirection": "row",
                  "minHeight": 44,
                  "paddingRight": 15,
                  "paddingVertical": 6,
                },
                false,
                false,
              ]
            }
          >
            <View
              style={
                Array [
                  Object {
                    "flex": 1,
                    "flexDirection": "column",
                  },
                ]
              }
            >
              <Text
                numberOfLines={1}
                style={
                  Array [
                    Object {
                      "color": "#000000",
                      "fontSize": 17,
                      "textAlignVertical": "center",
                    },
                  ]
                }
              >
                Option 1
              </Text>
            </View>
          </View>
        </View>
      </View>
      <View
        accessible={true}
        focusable={true}
        onClick={[Function]}
        onResponderGrant={[Function]}
        onResponderMove={[Function]}
        onResponderRelease={[Function]}
        onResponderTerminate={[Function]}
        onResponderTerminationRequest={[Function]}
        onStartShouldSetResponder={[Function]}
      >
        <View
          style={
            Array [
              Object {
                "alignItems": "center",
                "backgroundColor": "#ffffff",
                "flexDirection": "row",
                "flexGrow": 1,
                "paddingLeft": 15,
              },
              undefined,
            ]
          }
        >
          <View
            accessible={true}
            focusable={true}
            onClick={[Function]}
            onResponderGrant={[Function]}
            onResponderMove={[Function]}
            onResponderRelease={[Function]}
            onResponderTerminate={[Function]}
            onResponderTerminationRequest={[Function]}
            onStartShouldSetResponder={[Function]}
            style={
              Array [
                Object {
                  "alignItems": "center",
                  "flexDirection": "row",
                },
              ]
            }
          >
            <Text
              style={
                Array [
                  Object {
                    "color": "#108ee9",
                    "fontFamily": "antoutline",
                    "fontSize": 22,
                    "fontStyle": "normal",
                    "fontWeight": "normal",
                  },
                  Array [
                    Object {
                      "height": 21,
                      "width": 21,
                    },
                    Array [
                      Object {
                        "alignSelf": "center",
                        "marginRight": 8,
                      },
                      undefined,
                    ],
                  ],
                ]
              }
            >
              
            </Text>
          </View>
          <View
            style={
              Array [
                Object {
                  "alignItems": "center",
                  "borderBottomColor": "#dddddd",
                  "borderBottomWidth": 0.5,
                  "flex": 1,
                  "flexDirection": "row",
                  "minHeight": 44,
                  "paddingRight": 15,
                  "paddingVertical": 6,
                },
                false,
                false,
              ]
            }
          >
            <View
              style={
                Array [
                  Object {
                    "flex": 1,
                    "flexDirection": "column",
                  },
                ]
              }
            >
              <Text
                numberOfLines={1}
                style={
                  Array [
                    Object {
                      "color": "#000000",
                      "fontSize": 17,
                      "textAlignVertical": "center",
                    },
                  ]
                }
              >
                Option 2
              </Text>
            </View>
          </View>
        </View>
      </View>
      <View
        accessible={true}
        focusable={false}
        onClick={[Function]}
        onResponderGrant={[Function]}
        onResponderMove={[Function]}
        onResponderRelease={[Function]}
        onResponderTerminate={[Function]}
        onResponderTerminationRequest={[Function]}
        onStartShouldSetResponder={[Function]}
      >
        <View
          style={
            Array [
              Object {
                "alignItems": "center",
                "backgroundColor": "#ffffff",
                "flexDirection": "row",
                "flexGrow": 1,
                "paddingLeft": 15,
              },
              undefined,
            ]
          }
        >
          <View
            accessible={true}
            focusable={true}
            onClick={[Function]}
            onResponderGrant={[Function]}
            onResponderMove={[Function]}
            onResponderRelease={[Function]}
            onResponderTerminate={[Function]}
            onResponderTerminationRequest={[Function]}
            onStartShouldSetResponder={[Function]}
            style={
              Array [
                Object {
                  "alignItems": "center",
                  "flexDirection": "row",
                },
              ]
            }
          >
            <Text
              style={
                Array [
                  Object {
                    "color": "#cccccc",
                    "fontFamily": "antoutline",
                    "fontSize": 22,
                    "fontStyle": "normal",
                    "fontWeight": "normal",
                  },
                  Array [
                    Object {
                      "height": 21,
                      "width": 21,
                    },
                    Array [
                      Object {
                        "alignSelf": "center",
                        "marginRight": 8,
                      },
                      undefined,
                    ],
                  ],
                ]
              }
            >
              
            </Text>
          </View>
          <View
            style={
              Array [
                Object {
                  "alignItems": "center",
                  "borderBottomColor": "#dddddd",
                  "borderBottomWidth": 0.5,
                  "flex": 1,
                  "flexDirection": "row",
                  "minHeight": 44,
                  "paddingRight": 15,
                  "paddingVertical": 6,
                },
                false,
                false,
              ]
            }
          >
            <View
              style={
                Array [
                  Object {
                    "flex": 1,
                    "flexDirection": "column",
                  },
                ]
              }
            >
              <Text
                numberOfLines={1}
                style={
                  Array [
                    Object {
                      "color": "#000000",
                      "fontSize": 17,
                      "textAlignVertical": "center",
                    },
                  ]
                }
              >
                Option 3
              </Text>
            </View>
          </View>
        </View>
      </View>
      <View
        accessible={true}
        focusable={false}
        onClick={[Function]}
        onResponderGrant={[Function]}
        onResponderMove={[Function]}
        onResponderRelease={[Function]}
        onResponderTerminate={[Function]}
        onResponderTerminationRequest={[Function]}
        onStartShouldSetResponder={[Function]}
      >
        <View
          style={
            Array [
              Object {
                "alignItems": "center",
                "backgroundColor": "#ffffff",
                "flexDirection": "row",
                "flexGrow": 1,
                "paddingLeft": 15,
              },
              undefined,
            ]
          }
        >
          <View
            accessible={true}
            focusable={true}
            onClick={[Function]}
            onResponderGrant={[Function]}
            onResponderMove={[Function]}
            onResponderRelease={[Function]}
            onResponderTerminate={[Function]}
            onResponderTerminationRequest={[Function]}
            onStartShouldSetResponder={[Function]}
            style={
              Array [
                Object {
                  "alignItems": "center",
                  "flexDirection": "row",
                },
              ]
            }
          >
            <Text
              style={
                Array [
                  Object {
                    "color": "#cccccc",
                    "fontFamily": "antoutline",
                    "fontSize": 22,
                    "fontStyle": "normal",
                    "fontWeight": "normal",
                  },
                  Array [
                    Object {
                      "height": 21,
                      "width": 21,
                    },
                    Array [
                      Object {
                        "alignSelf": "center",
                        "marginRight": 8,
                      },
                      undefined,
                    ],
                  ],
                ]
              }
            >
              
            </Text>
          </View>
          <View
            style={
              Array [
                Object {
                  "alignItems": "center",
                  "borderBottomColor": "#dddddd",
                  "borderBottomWidth": 0.5,
                  "flex": 1,
                  "flexDirection": "row",
                  "minHeight": 44,
                  "paddingRight": 15,
                  "paddingVertical": 6,
                },
                false,
                false,
              ]
            }
          >
            <View
              style={
                Array [
                  Object {
                    "flex": 1,
                    "flexDirection": "column",
                  },
                ]
              }
            >
              <Text
                numberOfLines={1}
                style={
                  Array [
                    Object {
                      "color": "#000000",
                      "fontSize": 17,
                      "textAlignVertical": "center",
                    },
                  ]
                }
              >
                Option 4
              </Text>
            </View>
          </View>
        </View>
      </View>
      <View
        style={
          Array [
            Object {
              "backgroundColor": "#ffffff",
              "borderBottomColor": "#dddddd",
              "borderBottomWidth": 0.5,
              "bottom": 0,
              "height": 1,
              "left": 0,
              "position": "absolute",
              "right": 0,
            },
          ]
        }
      />
    </View>
  </View>
</View>
`;
