// Jest Snapshot v1, https://goo.gl/fbAQLP

exports[`renders ./components/search-bar/demo/basic.tsx correctly 1`] = `
<View
  style={
    Object {
      "marginTop": 30,
    }
  }
>
  <View
    style={
      Object {
        "alignItems": "center",
        "backgroundColor": "#efeff4",
        "flexDirection": "row",
        "height": 44,
        "paddingLeft": 8,
        "paddingRight": 8,
      }
    }
  >
    <View
      style={
        Object {
          "flex": 1,
          "flexDirection": "row",
        }
      }
    >
      <TextInput
        allowFontScaling={true}
        clearButtonMode="always"
        defaultValue="初始值"
        editable={true}
        onBlur={[Function]}
        onChangeText={[Function]}
        onClear={[Function]}
        onFocus={[Function]}
        onSubmit={[Function]}
        onSubmitEditing={[Function]}
        placeholder="搜索"
        style={
          Array [
            Object {
              "backgroundColor": "#fff",
              "borderColor": "#dddddd",
              "borderRadius": 5,
              "borderWidth": 0.5,
              "color": "#000000",
              "flex": 1,
              "fontSize": 14,
              "height": 28,
              "paddingBottom": 0,
              "paddingLeft": 35,
              "paddingRight": 35,
              "paddingTop": 0,
            },
            undefined,
          ]
        }
        underlineColorAndroid="transparent"
        value="初始值"
      />
    </View>
    <Text
      style={
        Array [
          Object {
            "color": "#cccccc",
            "fontFamily": "antoutline",
            "fontSize": 22,
            "fontStyle": "normal",
            "fontWeight": "normal",
          },
          Object {
            "color": "#cccccc",
            "fontSize": 15,
            "left": 16,
            "position": "absolute",
            "top": 14.5,
          },
        ]
      }
    >
      
    </Text>
  </View>
  <View
    style={
      Object {
        "alignItems": "center",
        "backgroundColor": "#efeff4",
        "flexDirection": "row",
        "height": 44,
        "paddingLeft": 8,
        "paddingRight": 8,
      }
    }
  >
    <View
      style={
        Object {
          "flex": 1,
          "flexDirection": "row",
        }
      }
    >
      <TextInput
        allowFontScaling={true}
        clearButtonMode="always"
        editable={true}
        onBlur={[Function]}
        onCancel={[Function]}
        onChangeText={[Function]}
        onClear={[Function]}
        onFocus={[Function]}
        onSubmit={[Function]}
        onSubmitEditing={[Function]}
        placeholder="搜索"
        style={
          Array [
            Object {
              "backgroundColor": "#fff",
              "borderColor": "#dddddd",
              "borderRadius": 5,
              "borderWidth": 0.5,
              "color": "#000000",
              "flex": 1,
              "fontSize": 14,
              "height": 28,
              "paddingBottom": 0,
              "paddingLeft": 35,
              "paddingRight": 35,
              "paddingTop": 0,
            },
            undefined,
          ]
        }
        underlineColorAndroid="transparent"
        value="美食"
      />
    </View>
    <Text
      style={
        Array [
          Object {
            "color": "#cccccc",
            "fontFamily": "antoutline",
            "fontSize": 22,
            "fontStyle": "normal",
            "fontWeight": "normal",
          },
          Object {
            "color": "#cccccc",
            "fontSize": 15,
            "left": 16,
            "position": "absolute",
            "top": 14.5,
          },
        ]
      }
    >
      
    </Text>
    <View
      style={
        Object {
          "alignItems": "center",
          "height": 28,
          "justifyContent": "center",
        }
      }
    >
      <Text
        onPress={[Function]}
        style={
          Object {
            "color": "#108ee9",
            "fontSize": 16,
            "paddingLeft": 15,
          }
        }
      >
        取消
      </Text>
    </View>
  </View>
</View>
`;
