// Jest Snapshot v1, https://goo.gl/fbAQLP

exports[`renders ./components/slider/demo/basic.tsx correctly 1`] = `
<View>
  <View>
    <Text>
      Default settings
    </Text>
    <View>
      <RCTSlider
        disabled={false}
        enabled={true}
        maximumTrackTintColor="#dddddd"
        maximumValue={1}
        minimumTrackTintColor="#108ee9"
        minimumValue={0}
        onChange={[Function]}
        onResponderTerminationRequest={[Function]}
        onSlidingComplete={[Function]}
        onStartShouldSetResponder={[Function]}
        onValueChange={[Function]}
        step={0}
        style={
          Object {
            "height": 40,
          }
        }
        value={0.5}
      />
    </View>
  </View>
  <View
    style={
      Object {
        "marginTop": 20,
      }
    }
  >
    <Text>
      Initial value: 0.5
    </Text>
    <View>
      <RCTSlider
        disabled={false}
        enabled={true}
        maximumTrackTintColor="#dddddd"
        maximumValue={1}
        minimumTrackTintColor="#108ee9"
        minimumValue={0}
        onChange={[Function]}
        onResponderTerminationRequest={[Function]}
        onSlidingComplete={[Function]}
        onStartShouldSetResponder={[Function]}
        onValueChange={[Function]}
        step={0}
        style={
          Object {
            "height": 40,
          }
        }
        value={0.5}
      />
    </View>
  </View>
  <View
    style={
      Object {
        "marginTop": 20,
      }
    }
  >
    <Text>
      min: 0, max: 1, current Value: 
      0
    </Text>
    <View>
      <RCTSlider
        disabled={false}
        enabled={true}
        maximumTrackTintColor="#dddddd"
        maximumValue={1}
        minimumTrackTintColor="#108ee9"
        minimumValue={0}
        onChange={[Function]}
        onResponderTerminationRequest={[Function]}
        onSlidingComplete={[Function]}
        onStartShouldSetResponder={[Function]}
        onValueChange={[Function]}
        step={0}
        style={
          Object {
            "height": 40,
          }
        }
        value={0.5}
      />
    </View>
  </View>
  <View
    style={
      Object {
        "marginTop": 20,
      }
    }
  >
    <Text>
      step: 0.25
    </Text>
    <View>
      <RCTSlider
        disabled={false}
        enabled={true}
        maximumTrackTintColor="#dddddd"
        maximumValue={1}
        minimumTrackTintColor="#108ee9"
        minimumValue={0}
        onChange={[Function]}
        onResponderTerminationRequest={[Function]}
        onSlidingComplete={[Function]}
        onStartShouldSetResponder={[Function]}
        onValueChange={[Function]}
        step={0.25}
        style={
          Object {
            "height": 40,
          }
        }
        value={0.25}
      />
    </View>
  </View>
  <View
    style={
      Object {
        "marginTop": 20,
      }
    }
  >
    <Text>
      disabled
    </Text>
    <View>
      <RCTSlider
        disabled={true}
        enabled={false}
        maximumTrackTintColor="#dddddd"
        maximumValue={1}
        minimumTrackTintColor="#108ee9"
        minimumValue={0}
        onChange={[Function]}
        onResponderTerminationRequest={[Function]}
        onSlidingComplete={[Function]}
        onStartShouldSetResponder={[Function]}
        onValueChange={[Function]}
        step={0}
        style={
          Object {
            "height": 40,
          }
        }
        value={0.25}
      />
    </View>
  </View>
  <View
    style={
      Object {
        "marginTop": 20,
      }
    }
  >
    <Text>
      onChange value: 
      0.25
    </Text>
    <View>
      <RCTSlider
        disabled={false}
        enabled={true}
        maximumTrackTintColor="#dddddd"
        maximumValue={1}
        minimumTrackTintColor="#108ee9"
        minimumValue={0}
        onChange={[Function]}
        onResponderTerminationRequest={[Function]}
        onSlidingComplete={[Function]}
        onStartShouldSetResponder={[Function]}
        onValueChange={[Function]}
        step={0}
        style={
          Object {
            "height": 40,
          }
        }
        value={0.25}
      />
    </View>
  </View>
  <View
    style={
      Object {
        "marginTop": 20,
      }
    }
  >
    <Text>
      onAfterChange value: 
      0.15
    </Text>
    <View>
      <RCTSlider
        disabled={false}
        enabled={true}
        maximumTrackTintColor="#dddddd"
        maximumValue={1}
        minimumTrackTintColor="#108ee9"
        minimumValue={0}
        onChange={[Function]}
        onResponderTerminationRequest={[Function]}
        onSlidingComplete={[Function]}
        onStartShouldSetResponder={[Function]}
        onValueChange={[Function]}
        step={0}
        style={
          Object {
            "height": 40,
          }
        }
        value={0.15}
      />
    </View>
  </View>
  <View
    style={
      Object {
        "marginTop": 20,
      }
    }
  >
    <Text>
      custom color: 
    </Text>
    <View>
      <RCTSlider
        disabled={false}
        enabled={true}
        maximumTrackTintColor="blue"
        maximumValue={1}
        minimumTrackTintColor="red"
        minimumValue={0}
        onChange={[Function]}
        onResponderTerminationRequest={[Function]}
        onSlidingComplete={[Function]}
        onStartShouldSetResponder={[Function]}
        onValueChange={[Function]}
        step={0}
        style={
          Object {
            "height": 40,
          }
        }
        value={0.15}
      />
    </View>
  </View>
</View>
`;
