// Jest Snapshot v1, https://goo.gl/fbAQLP

exports[`renders ./components/tag/demo/basic.tsx correctly 1`] = `
<View
  style={
    Object {
      "padding": 10,
    }
  }
>
  <View
    style={
      Array [
        Object {
          "backgroundColor": "transparent",
          "borderRadius": 3,
          "flexDirection": "row",
          "overflow": "visible",
        },
        undefined,
      ]
    }
  >
    <TouchableWithoutFeedback
      onLongPress={[Function]}
      onPress={[Function]}
    >
      <View
        style={
          Array [
            Object {
              "borderRadius": 3,
              "borderStyle": "solid",
              "borderWidth": 0.5,
              "overflow": "hidden",
              "paddingHorizontal": 15,
              "paddingVertical": 6,
            },
            Object {},
            Object {
              "backgroundColor": "#ffffff",
              "borderColor": "#dddddd",
            },
          ]
        }
      >
        <Text
          style={
            Array [
              Object {
                "fontSize": 12,
                "textAlign": "center",
              },
              Object {},
              Object {
                "color": "#888888",
              },
            ]
          }
        >
          Basic
           
        </Text>
      </View>
    </TouchableWithoutFeedback>
  </View>
  <View
    style={
      Array [
        Object {
          "height": 9,
        },
        undefined,
      ]
    }
  />
  <View
    style={
      Array [
        Object {
          "backgroundColor": "transparent",
          "borderRadius": 3,
          "flexDirection": "row",
          "overflow": "visible",
        },
        undefined,
      ]
    }
  >
    <TouchableWithoutFeedback
      onLongPress={[Function]}
      onPress={[Function]}
    >
      <View
        style={
          Array [
            Object {
              "borderRadius": 3,
              "borderStyle": "solid",
              "borderWidth": 0.5,
              "overflow": "hidden",
              "paddingHorizontal": 15,
              "paddingVertical": 6,
            },
            Object {},
            Object {
              "backgroundColor": "#ffffff",
              "borderColor": "#108ee9",
            },
          ]
        }
      >
        <Text
          style={
            Array [
              Object {
                "fontSize": 12,
                "textAlign": "center",
              },
              Object {},
              Object {
                "color": "#108ee9",
              },
            ]
          }
        >
          Selected
           
        </Text>
      </View>
    </TouchableWithoutFeedback>
  </View>
  <View
    style={
      Array [
        Object {
          "height": 9,
        },
        undefined,
      ]
    }
  />
  <View
    style={
      Array [
        Object {
          "backgroundColor": "transparent",
          "borderRadius": 3,
          "flexDirection": "row",
          "overflow": "visible",
        },
        undefined,
      ]
    }
  >
    <TouchableWithoutFeedback
      onLongPress={[Function]}
      onPress={[Function]}
    >
      <View
        style={
          Array [
            Object {
              "borderRadius": 3,
              "borderStyle": "solid",
              "borderWidth": 0.5,
              "overflow": "hidden",
              "paddingHorizontal": 15,
              "paddingVertical": 6,
            },
            Object {},
            Object {
              "backgroundColor": "#dddddd",
              "borderWidth": 0,
            },
          ]
        }
      >
        <Text
          style={
            Array [
              Object {
                "fontSize": 12,
                "textAlign": "center",
              },
              Object {},
              Object {
                "color": "#bbbbbb",
              },
            ]
          }
        >
          Disabled
           
        </Text>
      </View>
    </TouchableWithoutFeedback>
  </View>
  <View
    style={
      Array [
        Object {
          "height": 9,
        },
        undefined,
      ]
    }
  />
  <View
    style={
      Array [
        Object {
          "backgroundColor": "transparent",
          "borderRadius": 3,
          "flexDirection": "row",
          "overflow": "visible",
        },
        undefined,
      ]
    }
  >
    <TouchableWithoutFeedback
      onLongPress={[Function]}
      onPress={[Function]}
    >
      <View
        style={
          Array [
            Object {
              "borderRadius": 3,
              "borderStyle": "solid",
              "borderWidth": 0.5,
              "overflow": "hidden",
              "paddingHorizontal": 15,
              "paddingVertical": 6,
            },
            Object {},
            Object {
              "backgroundColor": "#ffffff",
              "borderColor": "#dddddd",
            },
          ]
        }
      >
        <Text
          style={
            Array [
              Object {
                "fontSize": 12,
                "textAlign": "center",
              },
              Object {},
              Object {
                "color": "#888888",
              },
            ]
          }
        >
          Callback
           
        </Text>
      </View>
    </TouchableWithoutFeedback>
  </View>
  <View
    style={
      Array [
        Object {
          "height": 9,
        },
        undefined,
      ]
    }
  />
  <View
    style={
      Array [
        Object {
          "backgroundColor": "transparent",
          "borderRadius": 3,
          "flexDirection": "row",
          "overflow": "visible",
        },
        undefined,
      ]
    }
  >
    <TouchableWithoutFeedback
      onLongPress={[Function]}
      onPress={[Function]}
    >
      <View
        style={
          Array [
            Object {
              "borderRadius": 3,
              "borderStyle": "solid",
              "borderWidth": 0.5,
              "overflow": "hidden",
              "paddingHorizontal": 15,
              "paddingVertical": 6,
            },
            Object {},
            Object {
              "backgroundColor": "#ffffff",
              "borderColor": "#dddddd",
            },
          ]
        }
      >
        <Text
          style={
            Array [
              Object {
                "fontSize": 12,
                "textAlign": "center",
              },
              Object {},
              Object {
                "color": "#888888",
              },
            ]
          }
        >
          Closable
           
        </Text>
      </View>
    </TouchableWithoutFeedback>
    <TouchableWithoutFeedback
      onPress={[Function]}
      onPressIn={[Function]}
      onPressOut={[Function]}
    >
      <View
        style={
          Array [
            Object {
              "backgroundColor": "#bbbbbb",
              "position": "absolute",
            },
            Object {
              "borderRadius": 8,
              "height": 16,
              "left": -5,
              "overflow": "hidden",
              "top": -4,
              "width": 16,
            },
          ]
        }
      >
        <Text
          style={
            Array [
              Object {
                "color": "#ffffff",
                "fontSize": 20,
                "lineHeight": 18,
                "textAlign": "center",
              },
              Object {},
            ]
          }
        >
          Ã—
        </Text>
      </View>
    </TouchableWithoutFeedback>
  </View>
  <View
    style={
      Array [
        Object {
          "height": 9,
        },
        undefined,
      ]
    }
  />
  <View
    style={
      Array [
        Object {
          "backgroundColor": "transparent",
          "borderRadius": 3,
          "flexDirection": "row",
          "overflow": "visible",
        },
        undefined,
      ]
    }
  >
    <TouchableWithoutFeedback
      onLongPress={[Function]}
      onPress={[Function]}
    >
      <View
        style={
          Array [
            Object {
              "borderRadius": 3,
              "borderStyle": "solid",
              "borderWidth": 0.5,
              "overflow": "hidden",
              "paddingHorizontal": 15,
              "paddingVertical": 6,
            },
            Object {
              "paddingHorizontal": 5,
              "paddingVertical": 1.5,
            },
            Object {
              "backgroundColor": "#ffffff",
              "borderColor": "#dddddd",
            },
          ]
        }
      >
        <Text
          style={
            Array [
              Object {
                "fontSize": 12,
                "textAlign": "center",
              },
              Object {
                "fontSize": 10,
              },
              Object {
                "color": "#888888",
              },
            ]
          }
        >
          Small and Readonly
           
        </Text>
      </View>
    </TouchableWithoutFeedback>
  </View>
  <View
    style={
      Array [
        Object {
          "height": 9,
        },
        undefined,
      ]
    }
  />
  <View
    style={
      Array [
        Object {
          "backgroundColor": "transparent",
          "borderRadius": 3,
          "flexDirection": "row",
          "overflow": "visible",
        },
        undefined,
      ]
    }
  >
    <TouchableWithoutFeedback
      onLongPress={[Function]}
      onPress={[Function]}
    >
      <View
        style={
          Array [
            Object {
              "borderRadius": 3,
              "borderStyle": "solid",
              "borderWidth": 0.5,
              "overflow": "hidden",
              "paddingHorizontal": 15,
              "paddingVertical": 6,
            },
            Object {},
            Object {
              "backgroundColor": "#ffffff",
              "borderColor": "#dddddd",
            },
          ]
        }
      >
        <Text
          style={
            Array [
              Object {
                "fontSize": 12,
                "textAlign": "center",
              },
              Object {},
              Object {
                "color": "#888888",
              },
            ]
          }
        >
          LongPress
           
        </Text>
      </View>
    </TouchableWithoutFeedback>
  </View>
</View>
`;
