// Jest Snapshot v1, https://goo.gl/fbAQLP

exports[`renders ./components/locale-provider/demo/basic.tsx correctly 1`] = `
<View
  style={
    Array [
      Object {
        "marginLeft": 15,
        "marginRight": 15,
      },
      undefined,
    ]
  }
>
  <View>
    <View
      accessible={true}
      isTVSelectable={true}
      onResponderGrant={[Function]}
      onResponderMove={[Function]}
      onResponderRelease={[Function]}
      onResponderTerminate={[Function]}
      onResponderTerminationRequest={[Function]}
      onStartShouldSetResponder={[Function]}
      style={null}
    >
      <View
        style={
          Array [
            Object {
              "alignItems": "center",
              "backgroundColor": "#ffffff",
              "flexDirection": "row",
              "flexGrow": 1,
              "paddingLeft": 15,
            },
            undefined,
          ]
        }
      >
        <View
          style={
            Array [
              Object {
                "alignItems": "center",
                "borderBottomColor": "#dddddd",
                "borderBottomWidth": 0.5,
                "flex": 1,
                "flexDirection": "row",
                "minHeight": 44,
                "paddingRight": 15,
                "paddingVertical": 6,
              },
              false,
              false,
            ]
          }
        >
          <View
            style={
              Array [
                Object {
                  "flex": 1,
                  "flexDirection": "column",
                },
              ]
            }
          >
            <Text
              numberOfLines={1}
              style={
                Array [
                  Object {
                    "color": "#000000",
                    "fontSize": 17,
                    "textAlignVertical": "center",
                  },
                ]
              }
            >
              Choose language
            </Text>
          </View>
          <View
            style={
              Array [
                Object {
                  "flex": 1,
                  "flexDirection": "column",
                },
              ]
            }
          >
            <Text
              numberOfLines={1}
              style={
                Array [
                  Object {
                    "color": "#888888",
                    "fontSize": 17,
                    "textAlign": "right",
                    "textAlignVertical": "center",
                  },
                ]
              }
            >
              English
            </Text>
          </View>
          <Text
            style={
              Array [
                Object {
                  "color": "#cccccc",
                  "fontFamily": "antoutline",
                  "fontSize": 22,
                  "fontStyle": "normal",
                  "fontWeight": "normal",
                },
                Object {
                  "marginLeft": 8,
                  "marginTop": 3,
                },
              ]
            }
          >
            î„Ž
          </Text>
        </View>
      </View>
    </View>
  </View>
  <View
    style={
      Array [
        Object {
          "height": 9,
        },
        undefined,
      ]
    }
  />
  <View>
    <View
      style={
        Array [
          Object {
            "alignItems": "center",
            "justifyContent": "center",
          },
          undefined,
        ]
      }
    >
      <View
        style={
          Array [
            Object {
              "alignItems": "center",
              "flexDirection": "row",
              "flexWrap": "nowrap",
              "justifyContent": "flex-start",
            },
            undefined,
          ]
        }
      >
        <View
          style={
            Array [
              Object {
                "flex": 1,
              },
              undefined,
            ]
          }
        >
          <View
            accessible={true}
            isTVSelectable={true}
            onResponderGrant={[Function]}
            onResponderMove={[Function]}
            onResponderRelease={[Function]}
            onResponderTerminate={[Function]}
            onResponderTerminationRequest={[Function]}
            onStartShouldSetResponder={[Function]}
            style={
              Array [
                Object {
                  "alignItems": "center",
                  "borderRadius": 5,
                  "borderWidth": 1,
                  "justifyContent": "center",
                },
                Object {
                  "height": 47,
                  "paddingLeft": 15,
                  "paddingRight": 15,
                },
                Object {
                  "backgroundColor": "#ffffff",
                  "borderColor": "#dddddd",
                },
                Object {
                  "backgroundColor": "#dddddd",
                  "borderColor": "#dddddd",
                },
                false,
                undefined,
                undefined,
              ]
            }
          >
            <View
              style={
                Object {
                  "flexDirection": "row",
                }
              }
            >
              <Text
                style={
                  Array [
                    Object {
                      "fontSize": 18,
                    },
                    Object {
                      "color": "#000000",
                    },
                    Object {
                      "color": "#0000004D",
                    },
                    false,
                  ]
                }
              >
                Prev
              </Text>
            </View>
          </View>
        </View>
        <View
          style={
            Array [
              Object {
                "flex": 1,
              },
              undefined,
            ]
          }
        >
          <View
            style={
              Array [
                Object {
                  "flexDirection": "row",
                  "justifyContent": "center",
                },
              ]
            }
          >
            <Text
              style={
                Array [
                  Object {
                    "color": "#108ee9",
                    "fontSize": 18,
                  },
                ]
              }
            >
              1
            </Text>
            <Text
              style={
                Array [
                  Object {
                    "color": "#000000",
                    "fontSize": 18,
                  },
                ]
              }
            >
              /
              5
            </Text>
          </View>
        </View>
        <View
          style={
            Array [
              Object {
                "flex": 1,
              },
              undefined,
            ]
          }
        >
          <View
            accessible={true}
            isTVSelectable={true}
            onResponderGrant={[Function]}
            onResponderMove={[Function]}
            onResponderRelease={[Function]}
            onResponderTerminate={[Function]}
            onResponderTerminationRequest={[Function]}
            onStartShouldSetResponder={[Function]}
            style={
              Array [
                Object {
                  "alignItems": "center",
                  "borderRadius": 5,
                  "borderWidth": 1,
                  "justifyContent": "center",
                },
                Object {
                  "height": 47,
                  "paddingLeft": 15,
                  "paddingRight": 15,
                },
                Object {
                  "backgroundColor": "#ffffff",
                  "borderColor": "#dddddd",
                },
                false,
                false,
                undefined,
                undefined,
              ]
            }
          >
            <View
              style={
                Object {
                  "flexDirection": "row",
                }
              }
            >
              <Text
                style={
                  Array [
                    Object {
                      "fontSize": 18,
                    },
                    Object {
                      "color": "#000000",
                    },
                    false,
                    false,
                  ]
                }
              >
                Next
              </Text>
            </View>
          </View>
        </View>
      </View>
    </View>
    <View
      style={
        Array [
          Object {
            "height": 9,
          },
          undefined,
        ]
      }
    />
    <View
      style={
        Object {
          "backgroundColor": "white",
        }
      }
    >
      <View
        style={
          Object {
            "backgroundColor": "#ffffff",
            "borderTopColor": "#dddddd",
            "borderTopWidth": 0.5,
          }
        }
      >
        <View>
          <View
            accessible={true}
            isTVSelectable={true}
            onResponderGrant={[Function]}
            onResponderMove={[Function]}
            onResponderRelease={[Function]}
            onResponderTerminate={[Function]}
            onResponderTerminationRequest={[Function]}
            onStartShouldSetResponder={[Function]}
            style={null}
          >
            <View
              style={
                Array [
                  Object {
                    "alignItems": "center",
                    "backgroundColor": "#ffffff",
                    "flexDirection": "row",
                    "flexGrow": 1,
                    "paddingLeft": 15,
                  },
                  undefined,
                ]
              }
            >
              <View
                style={
                  Array [
                    Object {
                      "alignItems": "center",
                      "borderBottomColor": "#dddddd",
                      "borderBottomWidth": 0.5,
                      "flex": 1,
                      "flexDirection": "row",
                      "minHeight": 44,
                      "paddingRight": 15,
                      "paddingVertical": 6,
                    },
                    false,
                    false,
                  ]
                }
              >
                <View
                  style={
                    Array [
                      Object {
                        "flex": 1,
                        "flexDirection": "column",
                      },
                    ]
                  }
                >
                  <Text
                    numberOfLines={1}
                    style={
                      Array [
                        Object {
                          "color": "#000000",
                          "fontSize": 17,
                          "textAlignVertical": "center",
                        },
                      ]
                    }
                  >
                    DatePicker
                  </Text>
                </View>
                <View
                  style={
                    Array [
                      Object {
                        "flex": 1,
                        "flexDirection": "column",
                      },
                    ]
                  }
                >
                  <Text
                    numberOfLines={1}
                    style={
                      Array [
                        Object {
                          "color": "#888888",
                          "fontSize": 17,
                          "textAlign": "right",
                          "textAlignVertical": "center",
                        },
                      ]
                    }
                  >
                    please select
                  </Text>
                </View>
                <Text
                  style={
                    Array [
                      Object {
                        "color": "#cccccc",
                        "fontFamily": "antoutline",
                        "fontSize": 22,
                        "fontStyle": "normal",
                        "fontWeight": "normal",
                      },
                      Object {
                        "marginLeft": 8,
                        "marginTop": 3,
                      },
                    ]
                  }
                >
                  î„Ž
                </Text>
              </View>
            </View>
          </View>
        </View>
        <View>
          <View
            accessible={true}
            isTVSelectable={true}
            onResponderGrant={[Function]}
            onResponderMove={[Function]}
            onResponderRelease={[Function]}
            onResponderTerminate={[Function]}
            onResponderTerminationRequest={[Function]}
            onStartShouldSetResponder={[Function]}
            style={null}
          >
            <View
              style={
                Array [
                  Object {
                    "alignItems": "center",
                    "backgroundColor": "#ffffff",
                    "flexDirection": "row",
                    "flexGrow": 1,
                    "paddingLeft": 15,
                  },
                  undefined,
                ]
              }
            >
              <View
                style={
                  Array [
                    Object {
                      "alignItems": "center",
                      "borderBottomColor": "#dddddd",
                      "borderBottomWidth": 0.5,
                      "flex": 1,
                      "flexDirection": "row",
                      "minHeight": 44,
                      "paddingRight": 15,
                      "paddingVertical": 6,
                    },
                    false,
                    false,
                  ]
                }
              >
                <View
                  style={
                    Array [
                      Object {
                        "flex": 1,
                        "flexDirection": "column",
                      },
                    ]
                  }
                >
                  <Text
                    numberOfLines={1}
                    style={
                      Array [
                        Object {
                          "color": "#000000",
                          "fontSize": 17,
                          "textAlignVertical": "center",
                        },
                      ]
                    }
                  >
                    Picker
                  </Text>
                </View>
                <View
                  style={
                    Array [
                      Object {
                        "flex": 1,
                        "flexDirection": "column",
                      },
                    ]
                  }
                >
                  <Text
                    numberOfLines={1}
                    style={
                      Array [
                        Object {
                          "color": "#888888",
                          "fontSize": 17,
                          "textAlign": "right",
                          "textAlignVertical": "center",
                        },
                      ]
                    }
                  >
                    please select
                  </Text>
                </View>
                <Text
                  style={
                    Array [
                      Object {
                        "color": "#cccccc",
                        "fontFamily": "antoutline",
                        "fontSize": 22,
                        "fontStyle": "normal",
                        "fontWeight": "normal",
                      },
                      Object {
                        "marginLeft": 8,
                        "marginTop": 3,
                      },
                    ]
                  }
                >
                  î„Ž
                </Text>
              </View>
            </View>
          </View>
        </View>
        <View
          style={
            Array [
              Object {
                "height": 9,
              },
              undefined,
            ]
          }
        />
        <View
          style={
            Object {
              "alignItems": "center",
              "backgroundColor": "#efeff4",
              "flexDirection": "row",
              "height": 44,
              "paddingLeft": 8,
              "paddingRight": 8,
            }
          }
        >
          <View
            style={
              Object {
                "flex": 1,
                "flexDirection": "row",
              }
            }
          >
            <TextInput
              allowFontScaling={true}
              clearButtonMode="always"
              editable={true}
              onBlur={[Function]}
              onChangeText={[Function]}
              onClear={[Function]}
              onFocus={[Function]}
              onSubmit={[Function]}
              onSubmitEditing={[Function]}
              placeholder="Search"
              style={
                Array [
                  Object {
                    "backgroundColor": "#fff",
                    "borderColor": "#dddddd",
                    "borderRadius": 5,
                    "borderWidth": 0.5,
                    "color": "#000000",
                    "flex": 1,
                    "fontSize": 14,
                    "height": 28,
                    "paddingBottom": 0,
                    "paddingLeft": 35,
                    "paddingRight": 35,
                    "paddingTop": 0,
                  },
                  undefined,
                ]
              }
              underlineColorAndroid="transparent"
              value=""
            />
          </View>
          <Text
            style={
              Array [
                Object {
                  "color": "#cccccc",
                  "fontFamily": "antoutline",
                  "fontSize": 22,
                  "fontStyle": "normal",
                  "fontWeight": "normal",
                },
                Object {
                  "color": "#cccccc",
                  "fontSize": 15,
                  "left": 16,
                  "position": "absolute",
                  "top": 14.5,
                },
              ]
            }
          >
            î„™
          </Text>
          <View
            style={
              Object {
                "alignItems": "center",
                "height": 28,
                "justifyContent": "center",
              }
            }
          >
            <Text
              onPress={[Function]}
              style={
                Object {
                  "color": "#108ee9",
                  "fontSize": 16,
                  "paddingLeft": 15,
                }
              }
            >
              Cancel
            </Text>
          </View>
        </View>
        <View
          style={
            Array [
              Object {
                "backgroundColor": "#ffffff",
                "borderBottomColor": "#dddddd",
                "borderBottomWidth": 0.5,
                "bottom": 0,
                "height": 1,
                "left": 0,
                "position": "absolute",
                "right": 0,
              },
            ]
          }
        />
      </View>
    </View>
  </View>
</View>
`;
