// Jest Snapshot v1, https://goo.gl/fbAQLP

exports[`renders ./components/switch/demo/basic.tsx correctly 1`] = `
<View
  style={
    Object {
      "marginTop": 20,
    }
  }
>
  <View
    style={
      Object {
        "backgroundColor": "#ffffff",
        "borderTopColor": "#dddddd",
        "borderTopWidth": 0.5,
      }
    }
  >
    <
      activeOpacity={1}
      delayLongPress={500}
      onLongPress={[Function]}
    >
      <View
        style={
          Array [
            Object {
              "alignItems": "center",
              "backgroundColor": "#ffffff",
              "flexDirection": "row",
              "flexGrow": 1,
              "paddingLeft": 15,
            },
            undefined,
          ]
        }
      >
        <View
          style={
            Array [
              Object {
                "alignItems": "center",
                "borderBottomColor": "#dddddd",
                "borderBottomWidth": 0.5,
                "flex": 1,
                "flexDirection": "row",
                "minHeight": 44,
                "paddingRight": 15,
                "paddingVertical": 6,
              },
              false,
              false,
            ]
          }
        >
          <View
            style={
              Array [
                Object {
                  "flex": 1,
                  "flexDirection": "column",
                },
              ]
            }
          >
            <Text
              numberOfLines={1}
              style={
                Array [
                  Object {
                    "color": "#000000",
                    "fontSize": 17,
                    "textAlignVertical": "center",
                  },
                ]
              }
            >
              On(controlled)
            </Text>
          </View>
          <Switch
            disabled={false}
            onTintColor="#4dd865"
            value={true}
          />
        </View>
      </View>
    </>
    <
      activeOpacity={1}
      delayLongPress={500}
      onLongPress={[Function]}
    >
      <View
        style={
          Array [
            Object {
              "alignItems": "center",
              "backgroundColor": "#ffffff",
              "flexDirection": "row",
              "flexGrow": 1,
              "paddingLeft": 15,
            },
            undefined,
          ]
        }
      >
        <View
          style={
            Array [
              Object {
                "alignItems": "center",
                "borderBottomColor": "#dddddd",
                "borderBottomWidth": 0.5,
                "flex": 1,
                "flexDirection": "row",
                "minHeight": 44,
                "paddingRight": 15,
                "paddingVertical": 6,
              },
              false,
              false,
            ]
          }
        >
          <View
            style={
              Array [
                Object {
                  "flex": 1,
                  "flexDirection": "column",
                },
              ]
            }
          >
            <Text
              numberOfLines={1}
              style={
                Array [
                  Object {
                    "color": "#000000",
                    "fontSize": 17,
                    "textAlignVertical": "center",
                  },
                ]
              }
            >
              Off(controlled)
            </Text>
          </View>
          <Switch
            disabled={false}
            onTintColor="#4dd865"
            value={false}
          />
        </View>
      </View>
    </>
    <
      activeOpacity={1}
      delayLongPress={500}
      onLongPress={[Function]}
    >
      <View
        style={
          Array [
            Object {
              "alignItems": "center",
              "backgroundColor": "#ffffff",
              "flexDirection": "row",
              "flexGrow": 1,
              "paddingLeft": 15,
            },
            undefined,
          ]
        }
      >
        <View
          style={
            Array [
              Object {
                "alignItems": "center",
                "borderBottomColor": "#dddddd",
                "borderBottomWidth": 0.5,
                "flex": 1,
                "flexDirection": "row",
                "minHeight": 44,
                "paddingRight": 15,
                "paddingVertical": 6,
              },
              false,
              false,
            ]
          }
        >
          <View
            style={
              Array [
                Object {
                  "flex": 1,
                  "flexDirection": "column",
                },
              ]
            }
          >
            <Text
              numberOfLines={1}
              style={
                Array [
                  Object {
                    "color": "#000000",
                    "fontSize": 17,
                    "textAlignVertical": "center",
                  },
                ]
              }
            >
              onChange event, switch status: 
            </Text>
            <Text
              numberOfLines={1}
              style={
                Array [
                  Object {
                    "color": "#000000",
                    "fontSize": 17,
                    "textAlignVertical": "center",
                  },
                ]
              }
            >
              close
            </Text>
          </View>
          <Switch
            disabled={false}
            onTintColor="#4dd865"
            onValueChange={[Function]}
            value={false}
          />
        </View>
      </View>
    </>
    <
      activeOpacity={1}
      delayLongPress={500}
      onLongPress={[Function]}
    >
      <View
        style={
          Array [
            Object {
              "alignItems": "center",
              "backgroundColor": "#ffffff",
              "flexDirection": "row",
              "flexGrow": 1,
              "paddingLeft": 15,
            },
            undefined,
          ]
        }
      >
        <View
          style={
            Array [
              Object {
                "alignItems": "center",
                "borderBottomColor": "#dddddd",
                "borderBottomWidth": 0.5,
                "flex": 1,
                "flexDirection": "row",
                "minHeight": 44,
                "paddingRight": 15,
                "paddingVertical": 6,
              },
              false,
              false,
            ]
          }
        >
          <View
            style={
              Array [
                Object {
                  "flex": 1,
                  "flexDirection": "column",
                },
              ]
            }
          >
            <Text
              numberOfLines={1}
              style={
                Array [
                  Object {
                    "color": "#000000",
                    "fontSize": 17,
                    "textAlignVertical": "center",
                  },
                ]
              }
            >
              disabled
            </Text>
          </View>
          <Switch
            disabled={true}
            onTintColor="#4dd865"
            value={false}
          />
        </View>
      </View>
    </>
    <
      activeOpacity={1}
      delayLongPress={500}
      onLongPress={[Function]}
    >
      <View
        style={
          Array [
            Object {
              "alignItems": "center",
              "backgroundColor": "#ffffff",
              "flexDirection": "row",
              "flexGrow": 1,
              "paddingLeft": 15,
            },
            undefined,
          ]
        }
      >
        <View
          style={
            Array [
              Object {
                "alignItems": "center",
                "borderBottomColor": "#dddddd",
                "borderBottomWidth": 0.5,
                "flex": 1,
                "flexDirection": "row",
                "minHeight": 44,
                "paddingRight": 15,
                "paddingVertical": 6,
              },
              false,
              false,
            ]
          }
        >
          <View
            style={
              Array [
                Object {
                  "flex": 1,
                  "flexDirection": "column",
                },
              ]
            }
          >
            <Text
              numberOfLines={1}
              style={
                Array [
                  Object {
                    "color": "#000000",
                    "fontSize": 17,
                    "textAlignVertical": "center",
                  },
                ]
              }
            >
              color
            </Text>
          </View>
          <Switch
            disabled={false}
            onTintColor="red"
            value={true}
          />
        </View>
      </View>
    </>
    <View
      style={
        Array [
          Object {
            "backgroundColor": "#ffffff",
            "borderBottomColor": "#dddddd",
            "borderBottomWidth": 0.5,
            "bottom": 0,
            "height": 1,
            "left": 0,
            "position": "absolute",
            "right": 0,
          },
        ]
      }
    />
  </View>
</View>
`;
